<?xml version="1.0" encoding="ISO-8859-1" ?>
<link_info>
   <banner>MSP430 Linker PC v20.2.1.LTS</banner>
   <copyright>Copyright (c) 2003-2018 Texas Instruments Incorporated</copyright>
   <link_time>0x6049262c</link_time>
   <link_errors>0x0</link_errors>
   <output_file>h2neo_monitor.out</output_file>
   <entry_point>
      <name>_c_int00_noargs</name>
      <address>0x4456</address>
   </entry_point>
   <input_file_list>
      <input_file id="fl-2">
         <path>.\</path>
         <kind>object</kind>
         <file>convertNprint.obj</file>
         <name>convertNprint.obj</name>
      </input_file>
      <input_file id="fl-3">
         <path>.\</path>
         <kind>object</kind>
         <file>lcd_screen.obj</file>
         <name>lcd_screen.obj</name>
      </input_file>
      <input_file id="fl-4">
         <path>.\</path>
         <kind>object</kind>
         <file>main.obj</file>
         <name>main.obj</name>
      </input_file>
      <input_file id="fl-5">
         <path>.\</path>
         <kind>object</kind>
         <file>opticalSensor.obj</file>
         <name>opticalSensor.obj</name>
      </input_file>
      <input_file id="fl-6">
         <path>.\</path>
         <kind>object</kind>
         <file>rotary_encoder_w_button.obj</file>
         <name>rotary_encoder_w_button.obj</name>
      </input_file>
      <input_file id="fl-7">
         <path>.\</path>
         <kind>object</kind>
         <file>stopwatch.obj</file>
         <name>stopwatch.obj</name>
      </input_file>
      <input_file id="fl-d">
         <kind>object</kind>
         <file>&lt;internal&gt;</file>
         <name>&lt;internal&gt;</name>
      </input_file>
      <input_file id="fl-28">
         <path>C:\ti\ccs1010\ccs\tools\compiler\ti-cgt-msp430_20.2.1.LTS\lib\</path>
         <kind>archive</kind>
         <file>rts430x_lc_rd_eabi.lib</file>
         <name>e_pow.c.obj</name>
      </input_file>
      <input_file id="fl-29">
         <path>C:\ti\ccs1010\ccs\tools\compiler\ti-cgt-msp430_20.2.1.LTS\lib\</path>
         <kind>archive</kind>
         <file>rts430x_lc_rd_eabi.lib</file>
         <name>e_sqrt.c.obj</name>
      </input_file>
      <input_file id="fl-2a">
         <path>C:\ti\ccs1010\ccs\tools\compiler\ti-cgt-msp430_20.2.1.LTS\lib\</path>
         <kind>archive</kind>
         <file>rts430x_lc_rd_eabi.lib</file>
         <name>s_scalbn.c.obj</name>
      </input_file>
      <input_file id="fl-2b">
         <path>C:\ti\ccs1010\ccs\tools\compiler\ti-cgt-msp430_20.2.1.LTS\lib\</path>
         <kind>archive</kind>
         <file>rts430x_lc_rd_eabi.lib</file>
         <name>vla_alloc.c.obj</name>
      </input_file>
      <input_file id="fl-2c">
         <path>C:\ti\ccs1010\ccs\tools\compiler\ti-cgt-msp430_20.2.1.LTS\lib\</path>
         <kind>archive</kind>
         <file>rts430x_lc_rd_eabi.lib</file>
         <name>printf.c.obj</name>
      </input_file>
      <input_file id="fl-2d">
         <path>C:\ti\ccs1010\ccs\tools\compiler\ti-cgt-msp430_20.2.1.LTS\lib\</path>
         <kind>archive</kind>
         <file>rts430x_lc_rd_eabi.lib</file>
         <name>_printfi_min.c.obj</name>
      </input_file>
      <input_file id="fl-2e">
         <path>C:\ti\ccs1010\ccs\tools\compiler\ti-cgt-msp430_20.2.1.LTS\lib\</path>
         <kind>archive</kind>
         <file>rts430x_lc_rd_eabi.lib</file>
         <name>sprintf.c.obj</name>
      </input_file>
      <input_file id="fl-2f">
         <path>C:\ti\ccs1010\ccs\tools\compiler\ti-cgt-msp430_20.2.1.LTS\lib\</path>
         <kind>archive</kind>
         <file>rts430x_lc_rd_eabi.lib</file>
         <name>fputc.c.obj</name>
      </input_file>
      <input_file id="fl-30">
         <path>C:\ti\ccs1010\ccs\tools\compiler\ti-cgt-msp430_20.2.1.LTS\lib\</path>
         <kind>archive</kind>
         <file>rts430x_lc_rd_eabi.lib</file>
         <name>fputs.c.obj</name>
      </input_file>
      <input_file id="fl-31">
         <path>C:\ti\ccs1010\ccs\tools\compiler\ti-cgt-msp430_20.2.1.LTS\lib\</path>
         <kind>archive</kind>
         <file>rts430x_lc_rd_eabi.lib</file>
         <name>_io_perm.c.obj</name>
      </input_file>
      <input_file id="fl-32">
         <path>C:\ti\ccs1010\ccs\tools\compiler\ti-cgt-msp430_20.2.1.LTS\lib\</path>
         <kind>archive</kind>
         <file>rts430x_lc_rd_eabi.lib</file>
         <name>setvbuf.c.obj</name>
      </input_file>
      <input_file id="fl-33">
         <path>C:\ti\ccs1010\ccs\tools\compiler\ti-cgt-msp430_20.2.1.LTS\lib\</path>
         <kind>archive</kind>
         <file>rts430x_lc_rd_eabi.lib</file>
         <name>s_copysign.c.obj</name>
      </input_file>
      <input_file id="fl-34">
         <path>C:\ti\ccs1010\ccs\tools\compiler\ti-cgt-msp430_20.2.1.LTS\lib\</path>
         <kind>archive</kind>
         <file>rts430x_lc_rd_eabi.lib</file>
         <name>asr32.asm.obj</name>
      </input_file>
      <input_file id="fl-35">
         <path>C:\ti\ccs1010\ccs\tools\compiler\ti-cgt-msp430_20.2.1.LTS\lib\</path>
         <kind>archive</kind>
         <file>rts430x_lc_rd_eabi.lib</file>
         <name>div16s.asm.obj</name>
      </input_file>
      <input_file id="fl-36">
         <path>C:\ti\ccs1010\ccs\tools\compiler\ti-cgt-msp430_20.2.1.LTS\lib\</path>
         <kind>archive</kind>
         <file>rts430x_lc_rd_eabi.lib</file>
         <name>div16u.asm.obj</name>
      </input_file>
      <input_file id="fl-37">
         <path>C:\ti\ccs1010\ccs\tools\compiler\ti-cgt-msp430_20.2.1.LTS\lib\</path>
         <kind>archive</kind>
         <file>rts430x_lc_rd_eabi.lib</file>
         <name>fs_add.asm.obj</name>
      </input_file>
      <input_file id="fl-38">
         <path>C:\ti\ccs1010\ccs\tools\compiler\ti-cgt-msp430_20.2.1.LTS\lib\</path>
         <kind>archive</kind>
         <file>rts430x_lc_rd_eabi.lib</file>
         <name>fs_cmp.asm.obj</name>
      </input_file>
      <input_file id="fl-39">
         <path>C:\ti\ccs1010\ccs\tools\compiler\ti-cgt-msp430_20.2.1.LTS\lib\</path>
         <kind>archive</kind>
         <file>rts430x_lc_rd_eabi.lib</file>
         <name>fs_div.asm.obj</name>
      </input_file>
      <input_file id="fl-3a">
         <path>C:\ti\ccs1010\ccs\tools\compiler\ti-cgt-msp430_20.2.1.LTS\lib\</path>
         <kind>archive</kind>
         <file>rts430x_lc_rd_eabi.lib</file>
         <name>fs_itof.asm.obj</name>
      </input_file>
      <input_file id="fl-3b">
         <path>C:\ti\ccs1010\ccs\tools\compiler\ti-cgt-msp430_20.2.1.LTS\lib\</path>
         <kind>archive</kind>
         <file>rts430x_lc_rd_eabi.lib</file>
         <name>fs_mpy.asm.obj</name>
      </input_file>
      <input_file id="fl-3c">
         <path>C:\ti\ccs1010\ccs\tools\compiler\ti-cgt-msp430_20.2.1.LTS\lib\</path>
         <kind>archive</kind>
         <file>rts430x_lc_rd_eabi.lib</file>
         <name>fs_toi.asm.obj</name>
      </input_file>
      <input_file id="fl-3d">
         <path>C:\ti\ccs1010\ccs\tools\compiler\ti-cgt-msp430_20.2.1.LTS\lib\</path>
         <kind>archive</kind>
         <file>rts430x_lc_rd_eabi.lib</file>
         <name>fs_toul.asm.obj</name>
      </input_file>
      <input_file id="fl-3e">
         <path>C:\ti\ccs1010\ccs\tools\compiler\ti-cgt-msp430_20.2.1.LTS\lib\</path>
         <kind>archive</kind>
         <file>rts430x_lc_rd_eabi.lib</file>
         <name>fs_ultof.asm.obj</name>
      </input_file>
      <input_file id="fl-3f">
         <path>C:\ti\ccs1010\ccs\tools\compiler\ti-cgt-msp430_20.2.1.LTS\lib\</path>
         <kind>archive</kind>
         <file>rts430x_lc_rd_eabi.lib</file>
         <name>fs_utof.asm.obj</name>
      </input_file>
      <input_file id="fl-40">
         <path>C:\ti\ccs1010\ccs\tools\compiler\ti-cgt-msp430_20.2.1.LTS\lib\</path>
         <kind>archive</kind>
         <file>rts430x_lc_rd_eabi.lib</file>
         <name>int41.asm.obj</name>
      </input_file>
      <input_file id="fl-41">
         <path>C:\ti\ccs1010\ccs\tools\compiler\ti-cgt-msp430_20.2.1.LTS\lib\</path>
         <kind>archive</kind>
         <file>rts430x_lc_rd_eabi.lib</file>
         <name>int43.asm.obj</name>
      </input_file>
      <input_file id="fl-42">
         <path>C:\ti\ccs1010\ccs\tools\compiler\ti-cgt-msp430_20.2.1.LTS\lib\</path>
         <kind>archive</kind>
         <file>rts430x_lc_rd_eabi.lib</file>
         <name>int44.asm.obj</name>
      </input_file>
      <input_file id="fl-43">
         <path>C:\ti\ccs1010\ccs\tools\compiler\ti-cgt-msp430_20.2.1.LTS\lib\</path>
         <kind>archive</kind>
         <file>rts430x_lc_rd_eabi.lib</file>
         <name>int45.asm.obj</name>
      </input_file>
      <input_file id="fl-44">
         <path>C:\ti\ccs1010\ccs\tools\compiler\ti-cgt-msp430_20.2.1.LTS\lib\</path>
         <kind>archive</kind>
         <file>rts430x_lc_rd_eabi.lib</file>
         <name>int46.asm.obj</name>
      </input_file>
      <input_file id="fl-45">
         <path>C:\ti\ccs1010\ccs\tools\compiler\ti-cgt-msp430_20.2.1.LTS\lib\</path>
         <kind>archive</kind>
         <file>rts430x_lc_rd_eabi.lib</file>
         <name>int48.asm.obj</name>
      </input_file>
      <input_file id="fl-46">
         <path>C:\ti\ccs1010\ccs\tools\compiler\ti-cgt-msp430_20.2.1.LTS\lib\</path>
         <kind>archive</kind>
         <file>rts430x_lc_rd_eabi.lib</file>
         <name>int49.asm.obj</name>
      </input_file>
      <input_file id="fl-47">
         <path>C:\ti\ccs1010\ccs\tools\compiler\ti-cgt-msp430_20.2.1.LTS\lib\</path>
         <kind>archive</kind>
         <file>rts430x_lc_rd_eabi.lib</file>
         <name>int50.asm.obj</name>
      </input_file>
      <input_file id="fl-48">
         <path>C:\ti\ccs1010\ccs\tools\compiler\ti-cgt-msp430_20.2.1.LTS\lib\</path>
         <kind>archive</kind>
         <file>rts430x_lc_rd_eabi.lib</file>
         <name>int51.asm.obj</name>
      </input_file>
      <input_file id="fl-49">
         <path>C:\ti\ccs1010\ccs\tools\compiler\ti-cgt-msp430_20.2.1.LTS\lib\</path>
         <kind>archive</kind>
         <file>rts430x_lc_rd_eabi.lib</file>
         <name>int52.asm.obj</name>
      </input_file>
      <input_file id="fl-4a">
         <path>C:\ti\ccs1010\ccs\tools\compiler\ti-cgt-msp430_20.2.1.LTS\lib\</path>
         <kind>archive</kind>
         <file>rts430x_lc_rd_eabi.lib</file>
         <name>int55.asm.obj</name>
      </input_file>
      <input_file id="fl-4b">
         <path>C:\ti\ccs1010\ccs\tools\compiler\ti-cgt-msp430_20.2.1.LTS\lib\</path>
         <kind>archive</kind>
         <file>rts430x_lc_rd_eabi.lib</file>
         <name>int56.asm.obj</name>
      </input_file>
      <input_file id="fl-4c">
         <path>C:\ti\ccs1010\ccs\tools\compiler\ti-cgt-msp430_20.2.1.LTS\lib\</path>
         <kind>archive</kind>
         <file>rts430x_lc_rd_eabi.lib</file>
         <name>int57.asm.obj</name>
      </input_file>
      <input_file id="fl-4d">
         <path>C:\ti\ccs1010\ccs\tools\compiler\ti-cgt-msp430_20.2.1.LTS\lib\</path>
         <kind>archive</kind>
         <file>rts430x_lc_rd_eabi.lib</file>
         <name>int58.asm.obj</name>
      </input_file>
      <input_file id="fl-4e">
         <path>C:\ti\ccs1010\ccs\tools\compiler\ti-cgt-msp430_20.2.1.LTS\lib\</path>
         <kind>archive</kind>
         <file>rts430x_lc_rd_eabi.lib</file>
         <name>int59.asm.obj</name>
      </input_file>
      <input_file id="fl-4f">
         <path>C:\ti\ccs1010\ccs\tools\compiler\ti-cgt-msp430_20.2.1.LTS\lib\</path>
         <kind>archive</kind>
         <file>rts430x_lc_rd_eabi.lib</file>
         <name>int60.asm.obj</name>
      </input_file>
      <input_file id="fl-50">
         <path>C:\ti\ccs1010\ccs\tools\compiler\ti-cgt-msp430_20.2.1.LTS\lib\</path>
         <kind>archive</kind>
         <file>rts430x_lc_rd_eabi.lib</file>
         <name>int61.asm.obj</name>
      </input_file>
      <input_file id="fl-51">
         <path>C:\ti\ccs1010\ccs\tools\compiler\ti-cgt-msp430_20.2.1.LTS\lib\</path>
         <kind>archive</kind>
         <file>rts430x_lc_rd_eabi.lib</file>
         <name>int62.asm.obj</name>
      </input_file>
      <input_file id="fl-52">
         <path>C:\ti\ccs1010\ccs\tools\compiler\ti-cgt-msp430_20.2.1.LTS\lib\</path>
         <kind>archive</kind>
         <file>rts430x_lc_rd_eabi.lib</file>
         <name>isr_trap.asm.obj</name>
      </input_file>
      <input_file id="fl-53">
         <path>C:\ti\ccs1010\ccs\tools\compiler\ti-cgt-msp430_20.2.1.LTS\lib\</path>
         <kind>archive</kind>
         <file>rts430x_lc_rd_eabi.lib</file>
         <name>lsl32.asm.obj</name>
      </input_file>
      <input_file id="fl-54">
         <path>C:\ti\ccs1010\ccs\tools\compiler\ti-cgt-msp430_20.2.1.LTS\lib\</path>
         <kind>archive</kind>
         <file>rts430x_lc_rd_eabi.lib</file>
         <name>lsr32.asm.obj</name>
      </input_file>
      <input_file id="fl-55">
         <path>C:\ti\ccs1010\ccs\tools\compiler\ti-cgt-msp430_20.2.1.LTS\lib\</path>
         <kind>archive</kind>
         <file>rts430x_lc_rd_eabi.lib</file>
         <name>mult16.asm.obj</name>
      </input_file>
      <input_file id="fl-56">
         <path>C:\ti\ccs1010\ccs\tools\compiler\ti-cgt-msp430_20.2.1.LTS\lib\</path>
         <kind>archive</kind>
         <file>rts430x_lc_rd_eabi.lib</file>
         <name>mult16_f5hw.asm.obj</name>
      </input_file>
      <input_file id="fl-57">
         <path>C:\ti\ccs1010\ccs\tools\compiler\ti-cgt-msp430_20.2.1.LTS\lib\</path>
         <kind>archive</kind>
         <file>rts430x_lc_rd_eabi.lib</file>
         <name>mult1632_f5hw.asm.obj</name>
      </input_file>
      <input_file id="fl-58">
         <path>C:\ti\ccs1010\ccs\tools\compiler\ti-cgt-msp430_20.2.1.LTS\lib\</path>
         <kind>archive</kind>
         <file>rts430x_lc_rd_eabi.lib</file>
         <name>mult32_f5hw.asm.obj</name>
      </input_file>
      <input_file id="fl-59">
         <path>C:\ti\ccs1010\ccs\tools\compiler\ti-cgt-msp430_20.2.1.LTS\lib\</path>
         <kind>archive</kind>
         <file>rts430x_lc_rd_eabi.lib</file>
         <name>mult3264_f5hw.asm.obj</name>
      </input_file>
      <input_file id="fl-5a">
         <path>C:\ti\ccs1010\ccs\tools\compiler\ti-cgt-msp430_20.2.1.LTS\lib\</path>
         <kind>archive</kind>
         <file>rts430x_lc_rd_eabi.lib</file>
         <name>mult64_f5hw.asm.obj</name>
      </input_file>
      <input_file id="fl-5b">
         <path>C:\ti\ccs1010\ccs\tools\compiler\ti-cgt-msp430_20.2.1.LTS\lib\</path>
         <kind>archive</kind>
         <file>rts430x_lc_rd_eabi.lib</file>
         <name>boot.c.obj</name>
      </input_file>
      <input_file id="fl-5c">
         <path>C:\ti\ccs1010\ccs\tools\compiler\ti-cgt-msp430_20.2.1.LTS\lib\</path>
         <kind>archive</kind>
         <file>rts430x_lc_rd_eabi.lib</file>
         <name>autoinit.c.obj</name>
      </input_file>
      <input_file id="fl-5d">
         <path>C:\ti\ccs1010\ccs\tools\compiler\ti-cgt-msp430_20.2.1.LTS\lib\</path>
         <kind>archive</kind>
         <file>rts430x_lc_rd_eabi.lib</file>
         <name>copy_zero_init.c.obj</name>
      </input_file>
      <input_file id="fl-5e">
         <path>C:\ti\ccs1010\ccs\tools\compiler\ti-cgt-msp430_20.2.1.LTS\lib\</path>
         <kind>archive</kind>
         <file>rts430x_lc_rd_eabi.lib</file>
         <name>exit_gvars.c.obj</name>
      </input_file>
      <input_file id="fl-5f">
         <path>C:\ti\ccs1010\ccs\tools\compiler\ti-cgt-msp430_20.2.1.LTS\lib\</path>
         <kind>archive</kind>
         <file>rts430x_lc_rd_eabi.lib</file>
         <name>cpy_tbl.c.obj</name>
      </input_file>
      <input_file id="fl-60">
         <path>C:\ti\ccs1010\ccs\tools\compiler\ti-cgt-msp430_20.2.1.LTS\lib\</path>
         <kind>archive</kind>
         <file>rts430x_lc_rd_eabi.lib</file>
         <name>mpu_init.c.obj</name>
      </input_file>
      <input_file id="fl-61">
         <path>C:\ti\ccs1010\ccs\tools\compiler\ti-cgt-msp430_20.2.1.LTS\lib\</path>
         <kind>archive</kind>
         <file>rts430x_lc_rd_eabi.lib</file>
         <name>lsr64.c.obj</name>
      </input_file>
      <input_file id="fl-62">
         <path>C:\ti\ccs1010\ccs\tools\compiler\ti-cgt-msp430_20.2.1.LTS\lib\</path>
         <kind>archive</kind>
         <file>rts430x_lc_rd_eabi.lib</file>
         <name>pre_init.c.obj</name>
      </input_file>
      <input_file id="fl-63">
         <path>C:\ti\ccs1010\ccs\tools\compiler\ti-cgt-msp430_20.2.1.LTS\lib\</path>
         <kind>archive</kind>
         <file>rts430x_lc_rd_eabi.lib</file>
         <name>startup.c.obj</name>
      </input_file>
      <input_file id="fl-64">
         <path>C:\ti\ccs1010\ccs\tools\compiler\ti-cgt-msp430_20.2.1.LTS\lib\</path>
         <kind>archive</kind>
         <file>rts430x_lc_rd_eabi.lib</file>
         <name>copy_decompress_none.c.obj</name>
      </input_file>
      <input_file id="fl-65">
         <path>C:\ti\ccs1010\ccs\tools\compiler\ti-cgt-msp430_20.2.1.LTS\lib\</path>
         <kind>archive</kind>
         <file>rts430x_lc_rd_eabi.lib</file>
         <name>copy_decompress_lzss.c.obj</name>
      </input_file>
      <input_file id="fl-66">
         <path>C:\ti\ccs1010\ccs\tools\compiler\ti-cgt-msp430_20.2.1.LTS\lib\</path>
         <kind>archive</kind>
         <file>rts430x_lc_rd_eabi.lib</file>
         <name>addd.c.obj</name>
      </input_file>
      <input_file id="fl-67">
         <path>C:\ti\ccs1010\ccs\tools\compiler\ti-cgt-msp430_20.2.1.LTS\lib\</path>
         <kind>archive</kind>
         <file>rts430x_lc_rd_eabi.lib</file>
         <name>cmpd.c.obj</name>
      </input_file>
      <input_file id="fl-68">
         <path>C:\ti\ccs1010\ccs\tools\compiler\ti-cgt-msp430_20.2.1.LTS\lib\</path>
         <kind>archive</kind>
         <file>rts430x_lc_rd_eabi.lib</file>
         <name>cvtfd.c.obj</name>
      </input_file>
      <input_file id="fl-69">
         <path>C:\ti\ccs1010\ccs\tools\compiler\ti-cgt-msp430_20.2.1.LTS\lib\</path>
         <kind>archive</kind>
         <file>rts430x_lc_rd_eabi.lib</file>
         <name>divd.c.obj</name>
      </input_file>
      <input_file id="fl-6a">
         <path>C:\ti\ccs1010\ccs\tools\compiler\ti-cgt-msp430_20.2.1.LTS\lib\</path>
         <kind>archive</kind>
         <file>rts430x_lc_rd_eabi.lib</file>
         <name>fltid.c.obj</name>
      </input_file>
      <input_file id="fl-6b">
         <path>C:\ti\ccs1010\ccs\tools\compiler\ti-cgt-msp430_20.2.1.LTS\lib\</path>
         <kind>archive</kind>
         <file>rts430x_lc_rd_eabi.lib</file>
         <name>fltlid.c.obj</name>
      </input_file>
      <input_file id="fl-6c">
         <path>C:\ti\ccs1010\ccs\tools\compiler\ti-cgt-msp430_20.2.1.LTS\lib\</path>
         <kind>archive</kind>
         <file>rts430x_lc_rd_eabi.lib</file>
         <name>frcaddd.c.obj</name>
      </input_file>
      <input_file id="fl-6d">
         <path>C:\ti\ccs1010\ccs\tools\compiler\ti-cgt-msp430_20.2.1.LTS\lib\</path>
         <kind>archive</kind>
         <file>rts430x_lc_rd_eabi.lib</file>
         <name>frcdivd.c.obj</name>
      </input_file>
      <input_file id="fl-6e">
         <path>C:\ti\ccs1010\ccs\tools\compiler\ti-cgt-msp430_20.2.1.LTS\lib\</path>
         <kind>archive</kind>
         <file>rts430x_lc_rd_eabi.lib</file>
         <name>mpyd.c.obj</name>
      </input_file>
      <input_file id="fl-6f">
         <path>C:\ti\ccs1010\ccs\tools\compiler\ti-cgt-msp430_20.2.1.LTS\lib\</path>
         <kind>archive</kind>
         <file>rts430x_lc_rd_eabi.lib</file>
         <name>negd.c.obj</name>
      </input_file>
      <input_file id="fl-70">
         <path>C:\ti\ccs1010\ccs\tools\compiler\ti-cgt-msp430_20.2.1.LTS\lib\</path>
         <kind>archive</kind>
         <file>rts430x_lc_rd_eabi.lib</file>
         <name>renormd.c.obj</name>
      </input_file>
      <input_file id="fl-71">
         <path>C:\ti\ccs1010\ccs\tools\compiler\ti-cgt-msp430_20.2.1.LTS\lib\</path>
         <kind>archive</kind>
         <file>rts430x_lc_rd_eabi.lib</file>
         <name>subd.c.obj</name>
      </input_file>
      <input_file id="fl-72">
         <path>C:\ti\ccs1010\ccs\tools\compiler\ti-cgt-msp430_20.2.1.LTS\lib\</path>
         <kind>archive</kind>
         <file>rts430x_lc_rd_eabi.lib</file>
         <name>cvtdf.c.obj</name>
      </input_file>
      <input_file id="fl-73">
         <path>C:\ti\ccs1010\ccs\tools\compiler\ti-cgt-msp430_20.2.1.LTS\lib\</path>
         <kind>archive</kind>
         <file>rts430x_lc_rd_eabi.lib</file>
         <name>exit.c.obj</name>
      </input_file>
      <input_file id="fl-74">
         <path>C:\ti\ccs1010\ccs\tools\compiler\ti-cgt-msp430_20.2.1.LTS\lib\</path>
         <kind>archive</kind>
         <file>rts430x_lc_rd_eabi.lib</file>
         <name>_lock.c.obj</name>
      </input_file>
      <input_file id="fl-75">
         <path>C:\ti\ccs1010\ccs\tools\compiler\ti-cgt-msp430_20.2.1.LTS\lib\</path>
         <kind>archive</kind>
         <file>rts430x_lc_rd_eabi.lib</file>
         <name>args_main.c.obj</name>
      </input_file>
      <input_file id="fl-76">
         <path>C:\ti\ccs1010\ccs\tools\compiler\ti-cgt-msp430_20.2.1.LTS\lib\</path>
         <kind>archive</kind>
         <file>rts430x_lc_rd_eabi.lib</file>
         <name>defs.c.obj</name>
      </input_file>
      <input_file id="fl-77">
         <path>C:\ti\ccs1010\ccs\tools\compiler\ti-cgt-msp430_20.2.1.LTS\lib\</path>
         <kind>archive</kind>
         <file>rts430x_lc_rd_eabi.lib</file>
         <name>memccpy.c.obj</name>
      </input_file>
      <input_file id="fl-78">
         <path>C:\ti\ccs1010\ccs\tools\compiler\ti-cgt-msp430_20.2.1.LTS\lib\</path>
         <kind>archive</kind>
         <file>rts430x_lc_rd_eabi.lib</file>
         <name>memchr.c.obj</name>
      </input_file>
      <input_file id="fl-79">
         <path>C:\ti\ccs1010\ccs\tools\compiler\ti-cgt-msp430_20.2.1.LTS\lib\</path>
         <kind>archive</kind>
         <file>rts430x_lc_rd_eabi.lib</file>
         <name>memcpy.c.obj</name>
      </input_file>
      <input_file id="fl-7a">
         <path>C:\ti\ccs1010\ccs\tools\compiler\ti-cgt-msp430_20.2.1.LTS\lib\</path>
         <kind>archive</kind>
         <file>rts430x_lc_rd_eabi.lib</file>
         <name>memmov.c.obj</name>
      </input_file>
      <input_file id="fl-7b">
         <path>C:\ti\ccs1010\ccs\tools\compiler\ti-cgt-msp430_20.2.1.LTS\lib\</path>
         <kind>archive</kind>
         <file>rts430x_lc_rd_eabi.lib</file>
         <name>memory.c.obj</name>
      </input_file>
      <input_file id="fl-7c">
         <path>C:\ti\ccs1010\ccs\tools\compiler\ti-cgt-msp430_20.2.1.LTS\lib\</path>
         <kind>archive</kind>
         <file>rts430x_lc_rd_eabi.lib</file>
         <name>memset.c.obj</name>
      </input_file>
      <input_file id="fl-7d">
         <path>C:\ti\ccs1010\ccs\tools\compiler\ti-cgt-msp430_20.2.1.LTS\lib\</path>
         <kind>archive</kind>
         <file>rts430x_lc_rd_eabi.lib</file>
         <name>strcat.c.obj</name>
      </input_file>
      <input_file id="fl-7e">
         <path>C:\ti\ccs1010\ccs\tools\compiler\ti-cgt-msp430_20.2.1.LTS\lib\</path>
         <kind>archive</kind>
         <file>rts430x_lc_rd_eabi.lib</file>
         <name>strcpy.c.obj</name>
      </input_file>
      <input_file id="fl-7f">
         <path>C:\ti\ccs1010\ccs\tools\compiler\ti-cgt-msp430_20.2.1.LTS\lib\</path>
         <kind>archive</kind>
         <file>rts430x_lc_rd_eabi.lib</file>
         <name>strlen.c.obj</name>
      </input_file>
      <input_file id="fl-80">
         <path>C:\ti\ccs1010\ccs\tools\compiler\ti-cgt-msp430_20.2.1.LTS\lib\</path>
         <kind>archive</kind>
         <file>rts430x_lc_rd_eabi.lib</file>
         <name>write.c.obj</name>
      </input_file>
      <input_file id="fl-81">
         <path>C:\ti\ccs1010\ccs\tools\compiler\ti-cgt-msp430_20.2.1.LTS\lib\</path>
         <kind>archive</kind>
         <file>rts430x_lc_rd_eabi.lib</file>
         <name>host_device.c.obj</name>
      </input_file>
      <input_file id="fl-82">
         <path>C:\ti\ccs1010\ccs\tools\compiler\ti-cgt-msp430_20.2.1.LTS\lib\</path>
         <kind>archive</kind>
         <file>rts430x_lc_rd_eabi.lib</file>
         <name>errno.c.obj</name>
      </input_file>
      <input_file id="fl-83">
         <path>C:\ti\ccs1010\ccs\tools\compiler\ti-cgt-msp430_20.2.1.LTS\lib\</path>
         <kind>archive</kind>
         <file>rts430x_lc_rd_eabi.lib</file>
         <name>error.c.obj</name>
      </input_file>
      <input_file id="fl-84">
         <path>C:\ti\ccs1010\ccs\tools\compiler\ti-cgt-msp430_20.2.1.LTS\lib\</path>
         <kind>archive</kind>
         <file>rts430x_lc_rd_eabi.lib</file>
         <name>fflush.c.obj</name>
      </input_file>
      <input_file id="fl-85">
         <path>C:\ti\ccs1010\ccs\tools\compiler\ti-cgt-msp430_20.2.1.LTS\lib\</path>
         <kind>archive</kind>
         <file>rts430x_lc_rd_eabi.lib</file>
         <name>fopen.c.obj</name>
      </input_file>
      <input_file id="fl-86">
         <path>C:\ti\ccs1010\ccs\tools\compiler\ti-cgt-msp430_20.2.1.LTS\lib\</path>
         <kind>archive</kind>
         <file>rts430x_lc_rd_eabi.lib</file>
         <name>fseek.c.obj</name>
      </input_file>
      <input_file id="fl-87">
         <path>C:\ti\ccs1010\ccs\tools\compiler\ti-cgt-msp430_20.2.1.LTS\lib\</path>
         <kind>archive</kind>
         <file>rts430x_lc_rd_eabi.lib</file>
         <name>mult32.asm.obj</name>
      </input_file>
      <input_file id="fl-88">
         <path>C:\ti\ccs1010\ccs\tools\compiler\ti-cgt-msp430_20.2.1.LTS\lib\</path>
         <kind>archive</kind>
         <file>rts430x_lc_rd_eabi.lib</file>
         <name>frcmpyd.c.obj</name>
      </input_file>
      <input_file id="fl-89">
         <path>C:\ti\ccs1010\ccs\tools\compiler\ti-cgt-msp430_20.2.1.LTS\lib\</path>
         <kind>archive</kind>
         <file>rts430x_lc_rd_eabi.lib</file>
         <name>hostclose.c.obj</name>
      </input_file>
      <input_file id="fl-8a">
         <path>C:\ti\ccs1010\ccs\tools\compiler\ti-cgt-msp430_20.2.1.LTS\lib\</path>
         <kind>archive</kind>
         <file>rts430x_lc_rd_eabi.lib</file>
         <name>hostlseek.c.obj</name>
      </input_file>
      <input_file id="fl-8b">
         <path>C:\ti\ccs1010\ccs\tools\compiler\ti-cgt-msp430_20.2.1.LTS\lib\</path>
         <kind>archive</kind>
         <file>rts430x_lc_rd_eabi.lib</file>
         <name>hostopen.c.obj</name>
      </input_file>
      <input_file id="fl-8c">
         <path>C:\ti\ccs1010\ccs\tools\compiler\ti-cgt-msp430_20.2.1.LTS\lib\</path>
         <kind>archive</kind>
         <file>rts430x_lc_rd_eabi.lib</file>
         <name>hostread.c.obj</name>
      </input_file>
      <input_file id="fl-8d">
         <path>C:\ti\ccs1010\ccs\tools\compiler\ti-cgt-msp430_20.2.1.LTS\lib\</path>
         <kind>archive</kind>
         <file>rts430x_lc_rd_eabi.lib</file>
         <name>hostrename.c.obj</name>
      </input_file>
      <input_file id="fl-8e">
         <path>C:\ti\ccs1010\ccs\tools\compiler\ti-cgt-msp430_20.2.1.LTS\lib\</path>
         <kind>archive</kind>
         <file>rts430x_lc_rd_eabi.lib</file>
         <name>hostunlink.c.obj</name>
      </input_file>
      <input_file id="fl-8f">
         <path>C:\ti\ccs1010\ccs\tools\compiler\ti-cgt-msp430_20.2.1.LTS\lib\</path>
         <kind>archive</kind>
         <file>rts430x_lc_rd_eabi.lib</file>
         <name>hostwrite.c.obj</name>
      </input_file>
      <input_file id="fl-90">
         <path>C:\ti\ccs1010\ccs\tools\compiler\ti-cgt-msp430_20.2.1.LTS\lib\</path>
         <kind>archive</kind>
         <file>rts430x_lc_rd_eabi.lib</file>
         <name>trgmsg.c.obj</name>
      </input_file>
      <input_file id="fl-91">
         <path>C:\ti\ccs1010\ccs\tools\compiler\ti-cgt-msp430_20.2.1.LTS\lib\</path>
         <kind>archive</kind>
         <file>rts430x_lc_rd_eabi.lib</file>
         <name>open.c.obj</name>
      </input_file>
      <input_file id="fl-92">
         <path>C:\ti\ccs1010\ccs\tools\compiler\ti-cgt-msp430_20.2.1.LTS\lib\</path>
         <kind>archive</kind>
         <file>rts430x_lc_rd_eabi.lib</file>
         <name>lseek.c.obj</name>
      </input_file>
      <input_file id="fl-93">
         <path>C:\ti\ccs1010\ccs\tools\compiler\ti-cgt-msp430_20.2.1.LTS\lib\</path>
         <kind>archive</kind>
         <file>rts430x_lc_rd_eabi.lib</file>
         <name>fclose.c.obj</name>
      </input_file>
      <input_file id="fl-94">
         <path>C:\ti\ccs1010\ccs\tools\compiler\ti-cgt-msp430_20.2.1.LTS\lib\</path>
         <kind>archive</kind>
         <file>rts430x_lc_rd_eabi.lib</file>
         <name>getdevice.c.obj</name>
      </input_file>
      <input_file id="fl-95">
         <path>C:\ti\ccs1010\ccs\tools\compiler\ti-cgt-msp430_20.2.1.LTS\lib\</path>
         <kind>archive</kind>
         <file>rts430x_lc_rd_eabi.lib</file>
         <name>strchr.c.obj</name>
      </input_file>
      <input_file id="fl-96">
         <path>C:\ti\ccs1010\ccs\tools\compiler\ti-cgt-msp430_20.2.1.LTS\lib\</path>
         <kind>archive</kind>
         <file>rts430x_lc_rd_eabi.lib</file>
         <name>strcmp.c.obj</name>
      </input_file>
      <input_file id="fl-97">
         <path>C:\ti\ccs1010\ccs\tools\compiler\ti-cgt-msp430_20.2.1.LTS\lib\</path>
         <kind>archive</kind>
         <file>rts430x_lc_rd_eabi.lib</file>
         <name>strncpy.c.obj</name>
      </input_file>
      <input_file id="fl-98">
         <path>C:\ti\ccs1010\ccs\tools\compiler\ti-cgt-msp430_20.2.1.LTS\lib\</path>
         <kind>archive</kind>
         <file>rts430x_lc_rd_eabi.lib</file>
         <name>remove.c.obj</name>
      </input_file>
      <input_file id="fl-99">
         <path>C:\ti\ccs1010\ccs\tools\compiler\ti-cgt-msp430_20.2.1.LTS\lib\</path>
         <kind>archive</kind>
         <file>rts430x_lc_rd_eabi.lib</file>
         <name>close.c.obj</name>
      </input_file>
      <input_file id="fl-9a">
         <path>C:\ti\ccs1010\ccs\tools\compiler\ti-cgt-msp430_20.2.1.LTS\lib\</path>
         <kind>archive</kind>
         <file>rts430x_lc_rd_eabi.lib</file>
         <name>unlink.c.obj</name>
      </input_file>
   </input_file_list>
   <object_component_list>
      <object_component id="oc-879">
         <name>.bss</name>
         <uninitialized>true</uninitialized>
         <run_address>0x2722</run_address>
         <size>0x4</size>
         <input_file_ref idref="fl-7b"/>
      </object_component>
      <object_component id="oc-511">
         <name>.common:ticMem</name>
         <uninitialized>true</uninitialized>
         <run_address>0x26fa</run_address>
         <size>0x14</size>
      </object_component>
      <object_component id="oc-512">
         <name>.common:str</name>
         <uninitialized>true</uninitialized>
         <run_address>0x271c</run_address>
         <size>0x6</size>
      </object_component>
      <object_component id="oc-489">
         <name>.common:refRate</name>
         <uninitialized>true</uninitialized>
         <run_address>0x2716</run_address>
         <size>0x6</size>
      </object_component>
      <object_component id="oc-408">
         <name>.common:adcValue</name>
         <uninitialized>true</uninitialized>
         <run_address>0x2726</run_address>
         <size>0x2</size>
      </object_component>
      <object_component id="oc-4f5">
         <name>.common:inSignal</name>
         <uninitialized>true</uninitialized>
         <run_address>0x26be</run_address>
         <size>0x28</size>
      </object_component>
      <object_component id="oc-4fd">
         <name>.common:filteredIn</name>
         <uninitialized>true</uninitialized>
         <run_address>0x2696</run_address>
         <size>0x28</size>
      </object_component>
      <object_component id="oc-504">
         <name>.common:avgFilter</name>
         <uninitialized>true</uninitialized>
         <run_address>0x266e</run_address>
         <size>0x28</size>
      </object_component>
      <object_component id="oc-4f6">
         <name>.common:outSignal</name>
         <uninitialized>true</uninitialized>
         <run_address>0x26e6</run_address>
         <size>0x14</size>
      </object_component>
      <object_component id="oc-88e">
         <name>.common:__TI_tmpnams</name>
         <uninitialized>true</uninitialized>
         <run_address>0x25ce</run_address>
         <size>0xa0</size>
      </object_component>
      <object_component id="oc-899">
         <name>.common:parmbuf</name>
         <uninitialized>true</uninitialized>
         <run_address>0x270e</run_address>
         <size>0x8</size>
      </object_component>
      <object_component id="oc-3f6">
         <name>.data</name>
         <load_address>0x257c</load_address>
         <run_address>0x257c</run_address>
         <size>0x3a</size>
         <input_file_ref idref="fl-4"/>
      </object_component>
      <object_component id="oc-55a">
         <name>.data:__TI_cleanup_ptr</name>
         <load_address>0x25b6</load_address>
         <run_address>0x25b6</run_address>
         <size>0x4</size>
         <input_file_ref idref="fl-5e"/>
      </object_component>
      <object_component id="oc-557">
         <name>.data:__TI_dtors_ptr</name>
         <load_address>0x25ba</load_address>
         <run_address>0x25ba</run_address>
         <size>0x4</size>
         <input_file_ref idref="fl-5e"/>
      </object_component>
      <object_component id="oc-551">
         <name>.data</name>
         <load_address>0x25ca</load_address>
         <run_address>0x25ca</run_address>
         <size>0x2</size>
         <input_file_ref idref="fl-73"/>
      </object_component>
      <object_component id="oc-554">
         <name>.data:_lock</name>
         <load_address>0x25be</load_address>
         <run_address>0x25be</run_address>
         <size>0x4</size>
         <input_file_ref idref="fl-74"/>
      </object_component>
      <object_component id="oc-55d">
         <name>.data:_unlock</name>
         <load_address>0x25c2</load_address>
         <run_address>0x25c2</run_address>
         <size>0x4</size>
         <input_file_ref idref="fl-74"/>
      </object_component>
      <object_component id="oc-5ff">
         <name>.data:_ftable</name>
         <load_address>0x2400</load_address>
         <run_address>0x2400</run_address>
         <size>0xc8</size>
         <input_file_ref idref="fl-76"/>
      </object_component>
      <object_component id="oc-840">
         <name>.data</name>
         <load_address>0x25c6</load_address>
         <run_address>0x25c6</run_address>
         <size>0x2</size>
         <input_file_ref idref="fl-76"/>
      </object_component>
      <object_component id="oc-87e">
         <name>.data</name>
         <load_address>0x25cc</load_address>
         <run_address>0x25cc</run_address>
         <size>0x2</size>
         <input_file_ref idref="fl-7b"/>
      </object_component>
      <object_component id="oc-804">
         <name>.data:_device</name>
         <load_address>0x24c8</load_address>
         <run_address>0x24c8</run_address>
         <size>0x78</size>
         <input_file_ref idref="fl-81"/>
      </object_component>
      <object_component id="oc-7b6">
         <name>.data:_stream</name>
         <load_address>0x2540</load_address>
         <run_address>0x2540</run_address>
         <size>0x3c</size>
         <input_file_ref idref="fl-81"/>
      </object_component>
      <object_component id="oc-6d4">
         <name>.data</name>
         <load_address>0x25c8</load_address>
         <run_address>0x25c8</run_address>
         <size>0x2</size>
         <input_file_ref idref="fl-82"/>
      </object_component>
      <object_component id="oc-36d">
         <name>.sysmem</name>
         <uninitialized>true</uninitialized>
         <run_address>0x2728</run_address>
         <size>0x8</size>
         <input_file_ref idref="fl-7b"/>
      </object_component>
      <object_component id="oc-981">
         <name>.sysmem</name>
         <uninitialized>true</uninitialized>
         <run_address>0x2728</run_address>
         <size>0x0</size>
      </object_component>
      <object_component id="oc-369">
         <name>.stack</name>
         <uninitialized>true</uninitialized>
         <run_address>0x4360</run_address>
         <size>0x4</size>
         <input_file_ref idref="fl-5b"/>
      </object_component>
      <object_component id="oc-980">
         <name>.stack</name>
         <uninitialized>true</uninitialized>
         <run_address>0x4360</run_address>
         <size>0x0</size>
      </object_component>
      <object_component id="oc-62d">
         <name>.text:pow</name>
         <load_address>0x10000</load_address>
         <run_address>0x10000</run_address>
         <size>0x1148</size>
         <input_file_ref idref="fl-28"/>
      </object_component>
      <object_component id="oc-763">
         <name>.text:__TI_frcdivd</name>
         <load_address>0x11148</load_address>
         <run_address>0x11148</run_address>
         <size>0x466</size>
         <input_file_ref idref="fl-6d"/>
      </object_component>
      <object_component id="oc-483">
         <name>.text:active_monitor</name>
         <load_address>0x115ae</load_address>
         <run_address>0x115ae</run_address>
         <size>0x35a</size>
         <input_file_ref idref="fl-4"/>
      </object_component>
      <object_component id="oc-6ad">
         <name>.text:__mspabi_addd</name>
         <load_address>0x11908</load_address>
         <run_address>0x11908</run_address>
         <size>0x2e0</size>
         <input_file_ref idref="fl-66"/>
      </object_component>
      <object_component id="oc-6c8">
         <name>.text:sqrt</name>
         <load_address>0x11be8</load_address>
         <run_address>0x11be8</run_address>
         <size>0x2de</size>
         <input_file_ref idref="fl-29"/>
      </object_component>
      <object_component id="oc-6f9">
         <name>.text:__TI_frcmpyd</name>
         <load_address>0x11ec6</load_address>
         <run_address>0x11ec6</run_address>
         <size>0x280</size>
         <input_file_ref idref="fl-88"/>
      </object_component>
      <object_component id="oc-633">
         <name>.text:__mspabi_mpyd</name>
         <load_address>0x12146</load_address>
         <run_address>0x12146</run_address>
         <size>0x266</size>
         <input_file_ref idref="fl-6e"/>
      </object_component>
      <object_component id="oc-758">
         <name>.text:__TI_frcaddd</name>
         <load_address>0x123ac</load_address>
         <run_address>0x123ac</run_address>
         <size>0x248</size>
         <input_file_ref idref="fl-6c"/>
      </object_component>
      <object_component id="oc-6c2">
         <name>.text:__mspabi_divd</name>
         <load_address>0x125f4</load_address>
         <run_address>0x125f4</run_address>
         <size>0x222</size>
         <input_file_ref idref="fl-69"/>
      </object_component>
      <object_component id="oc-4f7">
         <name>.text:thresholding</name>
         <load_address>0x12816</load_address>
         <run_address>0x12816</run_address>
         <size>0x15e</size>
         <input_file_ref idref="fl-4"/>
      </object_component>
      <object_component id="oc-6ec">
         <name>.text:scalbn</name>
         <load_address>0x12974</load_address>
         <run_address>0x12974</run_address>
         <size>0x15a</size>
         <input_file_ref idref="fl-2a"/>
      </object_component>
      <object_component id="oc-648">
         <name>.text:_setfield</name>
         <load_address>0x12ace</load_address>
         <run_address>0x12ace</run_address>
         <size>0x132</size>
         <input_file_ref idref="fl-2d"/>
      </object_component>
      <object_component id="oc-587">
         <name>.text</name>
         <load_address>0x12c00</load_address>
         <run_address>0x12c00</run_address>
         <size>0x132</size>
         <input_file_ref idref="fl-37"/>
      </object_component>
      <object_component id="oc-833">
         <name>.text:aligned_alloc</name>
         <load_address>0x12d32</load_address>
         <run_address>0x12d32</run_address>
         <size>0x11e</size>
         <input_file_ref idref="fl-7b"/>
      </object_component>
      <object_component id="oc-41a">
         <name>.text:main</name>
         <load_address>0x12e50</load_address>
         <run_address>0x12e50</run_address>
         <size>0x104</size>
         <input_file_ref idref="fl-4"/>
      </object_component>
      <object_component id="oc-675">
         <name>.text:fputs</name>
         <load_address>0x12f54</load_address>
         <run_address>0x12f54</run_address>
         <size>0xf0</size>
         <input_file_ref idref="fl-30"/>
      </object_component>
      <object_component id="oc-7e5">
         <name>.text:free</name>
         <load_address>0x13044</load_address>
         <run_address>0x13044</run_address>
         <size>0xe2</size>
         <input_file_ref idref="fl-7b"/>
      </object_component>
      <object_component id="oc-7aa">
         <name>.text:setvbuf</name>
         <load_address>0x13126</load_address>
         <run_address>0x13126</run_address>
         <size>0xde</size>
         <input_file_ref idref="fl-32"/>
      </object_component>
      <object_component id="oc-5c2">
         <name>.text:__TI_printfi_minimal</name>
         <load_address>0x13204</load_address>
         <run_address>0x13204</run_address>
         <size>0xdc</size>
         <input_file_ref idref="fl-2d"/>
      </object_component>
      <object_component id="oc-716">
         <name>.text:_pproc_diouxp</name>
         <load_address>0x132e0</load_address>
         <run_address>0x132e0</run_address>
         <size>0xda</size>
         <input_file_ref idref="fl-2d"/>
      </object_component>
      <object_component id="oc-6e6">
         <name>.text:__mspabi_cmpd</name>
         <load_address>0x133ba</load_address>
         <run_address>0x133ba</run_address>
         <size>0xd8</size>
         <input_file_ref idref="fl-67"/>
      </object_component>
      <object_component id="oc-533">
         <name>.text</name>
         <load_address>0x13492</load_address>
         <run_address>0x13492</run_address>
         <size>0xb8</size>
         <input_file_ref idref="fl-3b"/>
      </object_component>
      <object_component id="oc-7c3">
         <name>.text:__TI_renormd</name>
         <load_address>0x1354a</load_address>
         <run_address>0x1354a</run_address>
         <size>0xb2</size>
         <input_file_ref idref="fl-70"/>
      </object_component>
      <object_component id="oc-5af">
         <name>.text:ftoa</name>
         <load_address>0x135fc</load_address>
         <run_address>0x135fc</run_address>
         <size>0xa8</size>
         <input_file_ref idref="fl-2"/>
      </object_component>
      <object_component id="oc-6a6">
         <name>.text:__mspabi_fltlid</name>
         <load_address>0x136a4</load_address>
         <run_address>0x136a4</run_address>
         <size>0x9e</size>
         <input_file_ref idref="fl-6b"/>
      </object_component>
      <object_component id="oc-85e">
         <name>.text:HOSTlseek</name>
         <load_address>0x13742</load_address>
         <run_address>0x13742</run_address>
         <size>0x9a</size>
         <input_file_ref idref="fl-8a"/>
      </object_component>
      <object_component id="oc-67c">
         <name>.text:fputc</name>
         <load_address>0x137dc</load_address>
         <run_address>0x137dc</run_address>
         <size>0x90</size>
         <input_file_ref idref="fl-2f"/>
      </object_component>
      <object_component id="oc-529">
         <name>.text</name>
         <load_address>0x1386c</load_address>
         <run_address>0x1386c</run_address>
         <size>0x90</size>
         <input_file_ref idref="fl-39"/>
      </object_component>
      <object_component id="oc-639">
         <name>.text:__mspabi_cvtdf</name>
         <load_address>0x138fc</load_address>
         <run_address>0x138fc</run_address>
         <size>0x8c</size>
         <input_file_ref idref="fl-72"/>
      </object_component>
      <object_component id="oc-72d">
         <name>.text:__TI_wrt_ok</name>
         <load_address>0x13988</load_address>
         <run_address>0x13988</run_address>
         <size>0x7e</size>
         <input_file_ref idref="fl-31"/>
      </object_component>
      <object_component id="oc-477">
         <name>.text:LCD_Init</name>
         <load_address>0x13a06</load_address>
         <run_address>0x13a06</run_address>
         <size>0x7a</size>
         <input_file_ref idref="fl-3"/>
      </object_component>
      <object_component id="oc-6b">
         <name>.text:decompress:lzss:__TI_decompress_lzss</name>
         <load_address>0x13a80</load_address>
         <run_address>0x13a80</run_address>
         <size>0x76</size>
         <input_file_ref idref="fl-65"/>
      </object_component>
      <object_component id="oc-86a">
         <name>.text:HOSTrename</name>
         <load_address>0x13af6</load_address>
         <run_address>0x13af6</run_address>
         <size>0x74</size>
         <input_file_ref idref="fl-8d"/>
      </object_component>
      <object_component id="oc-83a">
         <name>.text:__TI_closefile</name>
         <load_address>0x13b6a</load_address>
         <run_address>0x13b6a</run_address>
         <size>0x74</size>
         <input_file_ref idref="fl-93"/>
      </object_component>
      <object_component id="oc-881">
         <name>.text:split</name>
         <load_address>0x13bde</load_address>
         <run_address>0x13bde</run_address>
         <size>0x74</size>
         <input_file_ref idref="fl-7b"/>
      </object_component>
      <object_component id="oc-846">
         <name>.text:HOSTopen</name>
         <load_address>0x13c52</load_address>
         <run_address>0x13c52</run_address>
         <size>0x70</size>
         <input_file_ref idref="fl-8b"/>
      </object_component>
      <object_component id="oc-61b">
         <name>.text:intToStr</name>
         <load_address>0x13cc2</load_address>
         <run_address>0x13cc2</run_address>
         <size>0x6e</size>
         <input_file_ref idref="fl-2"/>
      </object_component>
      <object_component id="oc-858">
         <name>.text:HOSTwrite</name>
         <load_address>0x13d30</load_address>
         <run_address>0x13d30</run_address>
         <size>0x6c</size>
         <input_file_ref idref="fl-8f"/>
      </object_component>
      <object_component id="oc-852">
         <name>.text:HOSTread</name>
         <load_address>0x13d9c</load_address>
         <run_address>0x13d9c</run_address>
         <size>0x6a</size>
         <input_file_ref idref="fl-8c"/>
      </object_component>
      <object_component id="oc-7a4">
         <name>.text:fseek</name>
         <load_address>0x13e06</load_address>
         <run_address>0x13e06</run_address>
         <size>0x6a</size>
         <input_file_ref idref="fl-86"/>
      </object_component>
      <object_component id="oc-616">
         <name>.text</name>
         <load_address>0x13e70</load_address>
         <run_address>0x13e70</run_address>
         <size>0x68</size>
         <input_file_ref idref="fl-3c"/>
      </object_component>
      <object_component id="oc-739">
         <name>.text:__TI_doflush</name>
         <load_address>0x13ed8</load_address>
         <run_address>0x13ed8</run_address>
         <size>0x64</size>
         <input_file_ref idref="fl-84"/>
      </object_component>
      <object_component id="oc-621">
         <name>.text:__mspabi_cvtfd</name>
         <load_address>0x13f3c</load_address>
         <run_address>0x13f3c</run_address>
         <size>0x64</size>
         <input_file_ref idref="fl-68"/>
      </object_component>
      <object_component id="oc-888">
         <name>.text:close</name>
         <load_address>0x13fa0</load_address>
         <run_address>0x13fa0</run_address>
         <size>0x5a</size>
         <input_file_ref idref="fl-99"/>
      </object_component>
      <object_component id="oc-8bc">
         <name>.text:getdevice</name>
         <load_address>0x13ffa</load_address>
         <run_address>0x13ffa</run_address>
         <size>0x5a</size>
         <input_file_ref idref="fl-94"/>
      </object_component>
      <object_component id="oc-459">
         <name>.text:Clock_Init_1MHz</name>
         <load_address>0x14054</load_address>
         <run_address>0x14054</run_address>
         <size>0x58</size>
         <input_file_ref idref="fl-3"/>
      </object_component>
      <object_component id="oc-4c2">
         <name>.text:__TI_auto_init_nobinit_nopinit_hold_wdt:__TI_auto_init_nobinit_nopinit_hold_wdt</name>
         <load_address>0x140ac</load_address>
         <run_address>0x140ac</run_address>
         <size>0x54</size>
         <input_file_ref idref="fl-5c"/>
      </object_component>
      <object_component id="oc-513">
         <name>.text:int2strXX</name>
         <load_address>0x14100</load_address>
         <run_address>0x14100</run_address>
         <size>0x50</size>
         <input_file_ref idref="fl-2"/>
      </object_component>
      <object_component id="oc-84c">
         <name>.text:HOSTclose</name>
         <load_address>0x14150</load_address>
         <run_address>0x14150</run_address>
         <size>0x4e</size>
         <input_file_ref idref="fl-89"/>
      </object_component>
      <object_component id="oc-46b">
         <name>.text:SPI_Init</name>
         <load_address>0x1419e</load_address>
         <run_address>0x1419e</run_address>
         <size>0x4c</size>
         <input_file_ref idref="fl-3"/>
      </object_component>
      <object_component id="oc-52e">
         <name>.text</name>
         <load_address>0x141ea</load_address>
         <run_address>0x141ea</run_address>
         <size>0x4c</size>
         <input_file_ref idref="fl-3d"/>
      </object_component>
      <object_component id="oc-465">
         <name>.text:ADC12_0_Init</name>
         <load_address>0x14236</load_address>
         <run_address>0x14236</run_address>
         <size>0x4a</size>
         <input_file_ref idref="fl-5"/>
      </object_component>
      <object_component id="oc-4a4">
         <name>.text:exit</name>
         <load_address>0x14280</load_address>
         <run_address>0x14280</run_address>
         <size>0x4a</size>
         <input_file_ref idref="fl-73"/>
      </object_component>
      <object_component id="oc-591">
         <name>.text:printf</name>
         <load_address>0x142ca</load_address>
         <run_address>0x142ca</run_address>
         <size>0x4a</size>
         <input_file_ref idref="fl-2c"/>
      </object_component>
      <object_component id="oc-58c">
         <name>.text</name>
         <load_address>0x14314</load_address>
         <run_address>0x14314</run_address>
         <size>0x4a</size>
         <input_file_ref idref="fl-38"/>
      </object_component>
      <object_component id="oc-471">
         <name>.text:RotEnc_Init</name>
         <load_address>0x1435e</load_address>
         <run_address>0x1435e</run_address>
         <size>0x48</size>
         <input_file_ref idref="fl-6"/>
      </object_component>
      <object_component id="oc-64e">
         <name>.text:_pproc_str</name>
         <load_address>0x143a6</load_address>
         <run_address>0x143a6</run_address>
         <size>0x48</size>
         <input_file_ref idref="fl-2d"/>
      </object_component>
      <object_component id="oc-864">
         <name>.text:HOSTunlink</name>
         <load_address>0x143ee</load_address>
         <run_address>0x143ee</run_address>
         <size>0x46</size>
         <input_file_ref idref="fl-8e"/>
      </object_component>
      <object_component id="oc-4fe">
         <name>.text:calcMean</name>
         <load_address>0x14434</load_address>
         <run_address>0x14434</run_address>
         <size>0x46</size>
         <input_file_ref idref="fl-4"/>
      </object_component>
      <object_component id="oc-540">
         <name>.text:sprintf</name>
         <load_address>0x1447a</load_address>
         <run_address>0x1447a</run_address>
         <size>0x44</size>
         <input_file_ref idref="fl-2e"/>
      </object_component>
      <object_component id="oc-548">
         <name>.text:printc</name>
         <load_address>0x144be</load_address>
         <run_address>0x144be</run_address>
         <size>0x40</size>
         <input_file_ref idref="fl-3"/>
      </object_component>
      <object_component id="oc-694">
         <name>.text:reverse</name>
         <load_address>0x144fe</load_address>
         <run_address>0x144fe</run_address>
         <size>0x40</size>
         <input_file_ref idref="fl-2"/>
      </object_component>
      <object_component id="oc-69b">
         <name>.text:l_asr_const</name>
         <load_address>0x1453e</load_address>
         <run_address>0x1453e</run_address>
         <size>0x3e</size>
         <input_file_ref idref="fl-34"/>
      </object_component>
      <object_component id="oc-706">
         <name>.text:l_lsl_const</name>
         <load_address>0x1457c</load_address>
         <run_address>0x1457c</run_address>
         <size>0x3e</size>
         <input_file_ref idref="fl-53"/>
      </object_component>
      <object_component id="oc-751">
         <name>.text:l_lsr_const</name>
         <load_address>0x145ba</load_address>
         <run_address>0x145ba</run_address>
         <size>0x3e</size>
         <input_file_ref idref="fl-54"/>
      </object_component>
      <object_component id="oc-7dd">
         <name>.text:lseek</name>
         <load_address>0x145f8</load_address>
         <run_address>0x145f8</run_address>
         <size>0x3e</size>
         <input_file_ref idref="fl-92"/>
      </object_component>
      <object_component id="oc-73f">
         <name>.text:write</name>
         <load_address>0x14636</load_address>
         <run_address>0x14636</run_address>
         <size>0x3c</size>
         <input_file_ref idref="fl-80"/>
      </object_component>
      <object_component id="oc-7f1">
         <name>.text:__TI_cleanup</name>
         <load_address>0x14672</load_address>
         <run_address>0x14672</run_address>
         <size>0x36</size>
         <input_file_ref idref="fl-85"/>
      </object_component>
      <object_component id="oc-89c">
         <name>.text:__TI_writemsg</name>
         <load_address>0x146a8</load_address>
         <run_address>0x146a8</run_address>
         <size>0x36</size>
         <input_file_ref idref="fl-90"/>
      </object_component>
      <object_component id="oc-4f0">
         <name>.text</name>
         <load_address>0x146de</load_address>
         <run_address>0x146de</run_address>
         <size>0x36</size>
         <input_file_ref idref="fl-3a"/>
      </object_component>
      <object_component id="oc-8a2">
         <name>.text:__TI_readmsg</name>
         <load_address>0x14714</load_address>
         <run_address>0x14714</run_address>
         <size>0x32</size>
         <input_file_ref idref="fl-90"/>
      </object_component>
      <object_component id="oc-6da">
         <name>.text:__mspabi_subd</name>
         <load_address>0x14746</load_address>
         <run_address>0x14746</run_address>
         <size>0x32</size>
         <input_file_ref idref="fl-71"/>
      </object_component>
      <object_component id="oc-51f">
         <name>.text</name>
         <load_address>0x14778</load_address>
         <run_address>0x14778</run_address>
         <size>0x32</size>
         <input_file_ref idref="fl-3e"/>
      </object_component>
      <object_component id="oc-8e2">
         <name>.text:strncpy</name>
         <load_address>0x147aa</load_address>
         <run_address>0x147aa</run_address>
         <size>0x32</size>
         <input_file_ref idref="fl-97"/>
      </object_component>
      <object_component id="oc-505">
         <name>.text:memmove</name>
         <load_address>0x147dc</load_address>
         <run_address>0x147dc</run_address>
         <size>0x30</size>
         <input_file_ref idref="fl-7a"/>
      </object_component>
      <object_component id="oc-4e8">
         <name>.text:sendByte</name>
         <load_address>0x1480c</load_address>
         <run_address>0x1480c</run_address>
         <size>0x30</size>
         <input_file_ref idref="fl-3"/>
      </object_component>
      <object_component id="oc-88f">
         <name>.text:unlink</name>
         <load_address>0x1483c</load_address>
         <run_address>0x1483c</run_address>
         <size>0x30</size>
         <input_file_ref idref="fl-9a"/>
      </object_component>
      <object_component id="oc-6ce">
         <name>.text:__mspabi_negd</name>
         <load_address>0x1486c</load_address>
         <run_address>0x1486c</run_address>
         <size>0x2e</size>
         <input_file_ref idref="fl-6f"/>
      </object_component>
      <object_component id="oc-778">
         <name>.text:copysign</name>
         <load_address>0x1489a</load_address>
         <run_address>0x1489a</run_address>
         <size>0x2e</size>
         <input_file_ref idref="fl-33"/>
      </object_component>
      <object_component id="oc-8e8">
         <name>.text:finddevice</name>
         <load_address>0x148c8</load_address>
         <run_address>0x148c8</run_address>
         <size>0x2e</size>
         <input_file_ref idref="fl-94"/>
      </object_component>
      <object_component id="oc-82c">
         <name>.text:free_list_insert</name>
         <load_address>0x148f6</load_address>
         <run_address>0x148f6</run_address>
         <size>0x2c</size>
         <input_file_ref idref="fl-7b"/>
      </object_component>
      <object_component id="oc-68f">
         <name>.text</name>
         <load_address>0x14922</load_address>
         <run_address>0x14922</run_address>
         <size>0x2c</size>
         <input_file_ref idref="fl-35"/>
      </object_component>
      <object_component id="oc-47d">
         <name>.text:clearLCD</name>
         <load_address>0x1494e</load_address>
         <run_address>0x1494e</run_address>
         <size>0x2a</size>
         <input_file_ref idref="fl-3"/>
      </object_component>
      <object_component id="oc-826">
         <name>.text:free_list_remove</name>
         <load_address>0x14978</load_address>
         <run_address>0x14978</run_address>
         <size>0x2a</size>
         <input_file_ref idref="fl-7b"/>
      </object_component>
      <object_component id="oc-71c">
         <name>.text:memccpy</name>
         <load_address>0x149a2</load_address>
         <run_address>0x149a2</run_address>
         <size>0x26</size>
         <input_file_ref idref="fl-77"/>
      </object_component>
      <object_component id="oc-3a5">
         <name>.text:decompress:ZI:__TI_zero_init_nomemset:__TI_zero_init_nomemset</name>
         <load_address>0x149c8</load_address>
         <run_address>0x149c8</run_address>
         <size>0x24</size>
         <input_file_ref idref="fl-5d"/>
      </object_component>
      <object_component id="oc-524">
         <name>.text</name>
         <load_address>0x149ec</load_address>
         <run_address>0x149ec</run_address>
         <size>0x24</size>
         <input_file_ref idref="fl-3f"/>
      </object_component>
      <object_component id="oc-78c">
         <name>.text</name>
         <load_address>0x14a10</load_address>
         <run_address>0x14a10</run_address>
         <size>0x24</size>
         <input_file_ref idref="fl-58"/>
      </object_component>
      <object_component id="oc-5b6">
         <name>.text:_outs</name>
         <load_address>0x14a34</load_address>
         <run_address>0x14a34</run_address>
         <size>0x20</size>
         <input_file_ref idref="fl-2e"/>
      </object_component>
      <object_component id="oc-48a">
         <name>.text:int2str</name>
         <load_address>0x14a54</load_address>
         <run_address>0x14a54</run_address>
         <size>0x1e</size>
         <input_file_ref idref="fl-2"/>
      </object_component>
      <object_component id="oc-5a2">
         <name>.text:strcat</name>
         <load_address>0x14a72</load_address>
         <run_address>0x14a72</run_address>
         <size>0x1e</size>
         <input_file_ref idref="fl-7d"/>
      </object_component>
      <object_component id="oc-490">
         <name>.text:setCursor</name>
         <load_address>0x14a90</load_address>
         <run_address>0x14a90</run_address>
         <size>0x1c</size>
         <input_file_ref idref="fl-3"/>
      </object_component>
      <object_component id="oc-8dc">
         <name>.text:strchr</name>
         <load_address>0x14aac</load_address>
         <run_address>0x14aac</run_address>
         <size>0x1c</size>
         <input_file_ref idref="fl-95"/>
      </object_component>
      <object_component id="oc-8ff">
         <name>.text:strcmp</name>
         <load_address>0x14ac8</load_address>
         <run_address>0x14ac8</run_address>
         <size>0x1c</size>
         <input_file_ref idref="fl-96"/>
      </object_component>
      <object_component id="oc-5f1">
         <name>.text</name>
         <load_address>0x14ae4</load_address>
         <run_address>0x14ae4</run_address>
         <size>0x18</size>
         <input_file_ref idref="fl-56"/>
      </object_component>
      <object_component id="oc-820">
         <name>.text:heap_start</name>
         <load_address>0x14afc</load_address>
         <run_address>0x14afc</run_address>
         <size>0x16</size>
         <input_file_ref idref="fl-7b"/>
      </object_component>
      <object_component id="oc-733">
         <name>.text:memchr</name>
         <load_address>0x14b12</load_address>
         <run_address>0x14b12</run_address>
         <size>0x16</size>
         <input_file_ref idref="fl-78"/>
      </object_component>
      <object_component id="oc-70f">
         <name>.text:memset</name>
         <load_address>0x14b28</load_address>
         <run_address>0x14b28</run_address>
         <size>0x16</size>
         <input_file_ref idref="fl-7c"/>
      </object_component>
      <object_component id="oc-497">
         <name>.text:prints</name>
         <load_address>0x14b3e</load_address>
         <run_address>0x14b3e</run_address>
         <size>0x16</size>
         <input_file_ref idref="fl-3"/>
      </object_component>
      <object_component id="oc-749">
         <name>.text</name>
         <load_address>0x14b54</load_address>
         <run_address>0x14b54</run_address>
         <size>0x16</size>
         <input_file_ref idref="fl-36"/>
      </object_component>
      <object_component id="oc-5bc">
         <name>.text:_outc</name>
         <load_address>0x14b6a</load_address>
         <run_address>0x14b6a</run_address>
         <size>0x14</size>
         <input_file_ref idref="fl-2e"/>
      </object_component>
      <object_component id="oc-37b">
         <name>.text:memcpy</name>
         <load_address>0x14b7e</load_address>
         <run_address>0x14b7e</run_address>
         <size>0x14</size>
         <input_file_ref idref="fl-79"/>
      </object_component>
      <object_component id="oc-45f">
         <name>.text:Timer0_A5_Init</name>
         <load_address>0x14b92</load_address>
         <run_address>0x14b92</run_address>
         <size>0x12</size>
         <input_file_ref idref="fl-7"/>
      </object_component>
      <object_component id="oc-71">
         <name>.text:decompress:none:__TI_decompress_none</name>
         <load_address>0x14ba4</load_address>
         <run_address>0x14ba4</run_address>
         <size>0x12</size>
         <input_file_ref idref="fl-64"/>
      </object_component>
      <object_component id="oc-519">
         <name>.text:startTimer0_A5</name>
         <load_address>0x14bb6</load_address>
         <run_address>0x14bb6</run_address>
         <size>0x12</size>
         <input_file_ref idref="fl-7"/>
      </object_component>
      <object_component id="oc-59c">
         <name>.text:strcpy</name>
         <load_address>0x14bc8</load_address>
         <run_address>0x14bc8</run_address>
         <size>0x12</size>
         <input_file_ref idref="fl-7e"/>
      </object_component>
      <object_component id="oc-6b3">
         <name>.text:l_asr</name>
         <load_address>0x14bda</load_address>
         <run_address>0x14bda</run_address>
         <size>0x10</size>
         <input_file_ref idref="fl-34"/>
      </object_component>
      <object_component id="oc-6b8">
         <name>.text:l_lsl</name>
         <load_address>0x14bea</load_address>
         <run_address>0x14bea</run_address>
         <size>0x10</size>
         <input_file_ref idref="fl-53"/>
      </object_component>
      <object_component id="oc-6bd">
         <name>.text:l_lsr</name>
         <load_address>0x14bfa</load_address>
         <run_address>0x14bfa</run_address>
         <size>0x10</size>
         <input_file_ref idref="fl-54"/>
      </object_component>
      <object_component id="oc-400">
         <name>.text:stepCW</name>
         <load_address>0x14c0a</load_address>
         <run_address>0x14c0a</run_address>
         <size>0x10</size>
         <input_file_ref idref="fl-6"/>
      </object_component>
      <object_component id="oc-642">
         <name>.text:strlen</name>
         <load_address>0x14c1a</load_address>
         <run_address>0x14c1a</run_address>
         <size>0xe</size>
         <input_file_ref idref="fl-7f"/>
      </object_component>
      <object_component id="oc-627">
         <name>.text:__mspabi_fltid</name>
         <load_address>0x14c28</load_address>
         <run_address>0x14c28</run_address>
         <size>0xc</size>
         <input_file_ref idref="fl-6a"/>
      </object_component>
      <object_component id="oc-3fa">
         <name>.text:stepCCW</name>
         <load_address>0x14c34</load_address>
         <run_address>0x14c34</run_address>
         <size>0xa</size>
         <input_file_ref idref="fl-6"/>
      </object_component>
      <object_component id="oc-538">
         <name>.text:displayFlowRate</name>
         <load_address>0x14c3e</load_address>
         <run_address>0x14c3e</run_address>
         <size>0x8</size>
         <input_file_ref idref="fl-2"/>
      </object_component>
      <object_component id="oc-7eb">
         <name>.text:malloc</name>
         <load_address>0x14c46</load_address>
         <run_address>0x14c46</run_address>
         <size>0x8</size>
         <input_file_ref idref="fl-7b"/>
      </object_component>
      <object_component id="oc-608">
         <name>.text:_outc</name>
         <load_address>0x14c4e</load_address>
         <run_address>0x14c4e</run_address>
         <size>0x6</size>
         <input_file_ref idref="fl-2c"/>
      </object_component>
      <object_component id="oc-49e">
         <name>.text:abort</name>
         <load_address>0x14c54</load_address>
         <run_address>0x14c54</run_address>
         <size>0x6</size>
         <input_file_ref idref="fl-73"/>
      </object_component>
      <object_component id="oc-50b">
         <name>.text:stopTimer0_A5</name>
         <load_address>0x14c5a</load_address>
         <run_address>0x14c5a</run_address>
         <size>0x6</size>
         <input_file_ref idref="fl-7"/>
      </object_component>
      <object_component id="oc-602">
         <name>.text:_outs</name>
         <load_address>0x14c60</load_address>
         <run_address>0x14c60</run_address>
         <size>0x4</size>
         <input_file_ref idref="fl-2c"/>
      </object_component>
      <object_component id="oc-414">
         <name>.text:_system_pre_init</name>
         <load_address>0x14c64</load_address>
         <run_address>0x14c64</run_address>
         <size>0x4</size>
         <input_file_ref idref="fl-62"/>
      </object_component>
      <object_component id="oc-5d2">
         <name>.text:_nop</name>
         <load_address>0x14c68</load_address>
         <run_address>0x14c68</run_address>
         <size>0x2</size>
         <input_file_ref idref="fl-74"/>
      </object_component>
      <object_component id="oc-562">
         <name>.text:_system_post_cinit</name>
         <load_address>0x14c6a</load_address>
         <run_address>0x14c6a</run_address>
         <size>0x2</size>
         <input_file_ref idref="fl-63"/>
      </object_component>
      <object_component id="oc-393">
         <name>.text:_isr:Port_1</name>
         <load_address>0x4400</load_address>
         <run_address>0x4400</run_address>
         <size>0x38</size>
         <input_file_ref idref="fl-6"/>
      </object_component>
      <object_component id="oc-38d">
         <name>.text:_isr:Port2_ISR</name>
         <load_address>0x4438</load_address>
         <run_address>0x4438</run_address>
         <size>0x1e</size>
         <input_file_ref idref="fl-6"/>
      </object_component>
      <object_component id="oc-3b7">
         <name>.text:_isr:_c_int00_noargs</name>
         <load_address>0x4456</load_address>
         <run_address>0x4456</run_address>
         <size>0x1c</size>
         <input_file_ref idref="fl-5b"/>
      </object_component>
      <object_component id="oc-39f">
         <name>.text:_isr:ADC12_ISR</name>
         <load_address>0x4472</load_address>
         <run_address>0x4472</run_address>
         <size>0x10</size>
         <input_file_ref idref="fl-5"/>
      </object_component>
      <object_component id="oc-399">
         <name>.text:_isr:Timer0_A0_ISR</name>
         <load_address>0x4482</load_address>
         <run_address>0x4482</run_address>
         <size>0xe</size>
         <input_file_ref idref="fl-7"/>
      </object_component>
      <object_component id="oc-388">
         <name>.text:_isr:__TI_ISR_TRAP</name>
         <load_address>0x4490</load_address>
         <run_address>0x4490</run_address>
         <size>0x8</size>
         <input_file_ref idref="fl-52"/>
      </object_component>
      <object_component id="oc-97f">
         <name>.cinit..data.load</name>
         <load_address>0x472c</load_address>
         <run_address>0x472c</run_address>
         <size>0x69</size>
      </object_component>
      <object_component id="oc-97c">
         <name>__TI_handler_table</name>
         <load_address>0x4796</load_address>
         <run_address>0x4796</run_address>
         <size>0xc</size>
      </object_component>
      <object_component id="oc-97e">
         <name>.cinit..bss.load</name>
         <load_address>0x47a2</load_address>
         <run_address>0x47a2</run_address>
         <size>0x6</size>
      </object_component>
      <object_component id="oc-97d">
         <name>__TI_cinit_table</name>
         <load_address>0x47a8</load_address>
         <run_address>0x47a8</run_address>
         <size>0x10</size>
      </object_component>
      <object_component id="oc-5ca">
         <name>.const:symbols_table</name>
         <load_address>0x4498</load_address>
         <run_address>0x4498</run_address>
         <size>0x1e0</size>
         <input_file_ref idref="fl-3"/>
      </object_component>
      <object_component id="oc-496">
         <name>.const:.string</name>
         <load_address>0x4678</load_address>
         <run_address>0x4678</run_address>
         <size>0x6a</size>
         <input_file_ref idref="fl-4"/>
      </object_component>
      <object_component id="oc-715">
         <name>.const:.string</name>
         <load_address>0x46e2</load_address>
         <run_address>0x46e2</run_address>
         <size>0x14</size>
         <input_file_ref idref="fl-2d"/>
      </object_component>
      <object_component id="oc-6d7">
         <name>.const:bp</name>
         <load_address>0x46f6</load_address>
         <run_address>0x46f6</run_address>
         <size>0x10</size>
         <input_file_ref idref="fl-28"/>
      </object_component>
      <object_component id="oc-6e0">
         <name>.const:dp_h</name>
         <load_address>0x4706</load_address>
         <run_address>0x4706</run_address>
         <size>0x10</size>
         <input_file_ref idref="fl-28"/>
      </object_component>
      <object_component id="oc-6e3">
         <name>.const:dp_l</name>
         <load_address>0x4716</load_address>
         <run_address>0x4716</run_address>
         <size>0x10</size>
         <input_file_ref idref="fl-28"/>
      </object_component>
      <object_component id="oc-53f">
         <name>.const:.string</name>
         <load_address>0x4726</load_address>
         <run_address>0x4726</run_address>
         <size>0x6</size>
         <input_file_ref idref="fl-2"/>
      </object_component>
      <object_component id="oc-8c8">
         <name>.cio</name>
         <uninitialized>true</uninitialized>
         <run_address>0x2868</run_address>
         <size>0x120</size>
         <input_file_ref idref="fl-90"/>
      </object_component>
      <object_component id="oc-77">
         <name>.int41</name>
         <load_address>0xffd2</load_address>
         <run_address>0xffd2</run_address>
         <size>0x2</size>
         <input_file_ref idref="fl-40"/>
      </object_component>
      <object_component id="oc-78">
         <name>.int42</name>
         <load_address>0xffd4</load_address>
         <run_address>0xffd4</run_address>
         <size>0x2</size>
         <input_file_ref idref="fl-6"/>
      </object_component>
      <object_component id="oc-79">
         <name>.int43</name>
         <load_address>0xffd6</load_address>
         <run_address>0xffd6</run_address>
         <size>0x2</size>
         <input_file_ref idref="fl-41"/>
      </object_component>
      <object_component id="oc-7a">
         <name>.int44</name>
         <load_address>0xffd8</load_address>
         <run_address>0xffd8</run_address>
         <size>0x2</size>
         <input_file_ref idref="fl-42"/>
      </object_component>
      <object_component id="oc-7b">
         <name>.int45</name>
         <load_address>0xffda</load_address>
         <run_address>0xffda</run_address>
         <size>0x2</size>
         <input_file_ref idref="fl-43"/>
      </object_component>
      <object_component id="oc-7c">
         <name>.int46</name>
         <load_address>0xffdc</load_address>
         <run_address>0xffdc</run_address>
         <size>0x2</size>
         <input_file_ref idref="fl-44"/>
      </object_component>
      <object_component id="oc-7d">
         <name>.int47</name>
         <load_address>0xffde</load_address>
         <run_address>0xffde</run_address>
         <size>0x2</size>
         <input_file_ref idref="fl-6"/>
      </object_component>
      <object_component id="oc-7e">
         <name>.int48</name>
         <load_address>0xffe0</load_address>
         <run_address>0xffe0</run_address>
         <size>0x2</size>
         <input_file_ref idref="fl-45"/>
      </object_component>
      <object_component id="oc-7f">
         <name>.int49</name>
         <load_address>0xffe2</load_address>
         <run_address>0xffe2</run_address>
         <size>0x2</size>
         <input_file_ref idref="fl-46"/>
      </object_component>
      <object_component id="oc-80">
         <name>.int50</name>
         <load_address>0xffe4</load_address>
         <run_address>0xffe4</run_address>
         <size>0x2</size>
         <input_file_ref idref="fl-47"/>
      </object_component>
      <object_component id="oc-81">
         <name>.int51</name>
         <load_address>0xffe6</load_address>
         <run_address>0xffe6</run_address>
         <size>0x2</size>
         <input_file_ref idref="fl-48"/>
      </object_component>
      <object_component id="oc-82">
         <name>.int52</name>
         <load_address>0xffe8</load_address>
         <run_address>0xffe8</run_address>
         <size>0x2</size>
         <input_file_ref idref="fl-49"/>
      </object_component>
      <object_component id="oc-83">
         <name>.int53</name>
         <load_address>0xffea</load_address>
         <run_address>0xffea</run_address>
         <size>0x2</size>
         <input_file_ref idref="fl-7"/>
      </object_component>
      <object_component id="oc-84">
         <name>.int54</name>
         <load_address>0xffec</load_address>
         <run_address>0xffec</run_address>
         <size>0x2</size>
         <input_file_ref idref="fl-5"/>
      </object_component>
      <object_component id="oc-85">
         <name>.int55</name>
         <load_address>0xffee</load_address>
         <run_address>0xffee</run_address>
         <size>0x2</size>
         <input_file_ref idref="fl-4a"/>
      </object_component>
      <object_component id="oc-86">
         <name>.int56</name>
         <load_address>0xfff0</load_address>
         <run_address>0xfff0</run_address>
         <size>0x2</size>
         <input_file_ref idref="fl-4b"/>
      </object_component>
      <object_component id="oc-87">
         <name>.int57</name>
         <load_address>0xfff2</load_address>
         <run_address>0xfff2</run_address>
         <size>0x2</size>
         <input_file_ref idref="fl-4c"/>
      </object_component>
      <object_component id="oc-88">
         <name>.int58</name>
         <load_address>0xfff4</load_address>
         <run_address>0xfff4</run_address>
         <size>0x2</size>
         <input_file_ref idref="fl-4d"/>
      </object_component>
      <object_component id="oc-89">
         <name>.int59</name>
         <load_address>0xfff6</load_address>
         <run_address>0xfff6</run_address>
         <size>0x2</size>
         <input_file_ref idref="fl-4e"/>
      </object_component>
      <object_component id="oc-8a">
         <name>.int60</name>
         <load_address>0xfff8</load_address>
         <run_address>0xfff8</run_address>
         <size>0x2</size>
         <input_file_ref idref="fl-4f"/>
      </object_component>
      <object_component id="oc-8b">
         <name>.int61</name>
         <load_address>0xfffa</load_address>
         <run_address>0xfffa</run_address>
         <size>0x2</size>
         <input_file_ref idref="fl-50"/>
      </object_component>
      <object_component id="oc-8c">
         <name>.int62</name>
         <load_address>0xfffc</load_address>
         <run_address>0xfffc</run_address>
         <size>0x2</size>
         <input_file_ref idref="fl-51"/>
      </object_component>
      <object_component id="oc-36c">
         <name>.reset</name>
         <load_address>0xfffe</load_address>
         <run_address>0xfffe</run_address>
         <size>0x2</size>
         <input_file_ref idref="fl-5b"/>
      </object_component>
      <object_component id="oc-4e2">
         <name>.debug_info</name>
         <load_address>0x0</load_address>
         <run_address>0x0</run_address>
         <size>0x228</size>
         <input_file_ref idref="fl-2"/>
      </object_component>
      <object_component id="oc-695">
         <name>.debug_info</name>
         <load_address>0x228</load_address>
         <run_address>0x228</run_address>
         <size>0x17b</size>
         <input_file_ref idref="fl-2"/>
      </object_component>
      <object_component id="oc-61c">
         <name>.debug_info</name>
         <load_address>0x3a3</load_address>
         <run_address>0x3a3</run_address>
         <size>0x1b8</size>
         <input_file_ref idref="fl-2"/>
      </object_component>
      <object_component id="oc-515">
         <name>.debug_info</name>
         <load_address>0x55b</load_address>
         <run_address>0x55b</run_address>
         <size>0x1ae</size>
         <input_file_ref idref="fl-2"/>
      </object_component>
      <object_component id="oc-48b">
         <name>.debug_info</name>
         <load_address>0x709</load_address>
         <run_address>0x709</run_address>
         <size>0x171</size>
         <input_file_ref idref="fl-2"/>
      </object_component>
      <object_component id="oc-5b0">
         <name>.debug_info</name>
         <load_address>0x87a</load_address>
         <run_address>0x87a</run_address>
         <size>0x2a3</size>
         <input_file_ref idref="fl-2"/>
      </object_component>
      <object_component id="oc-53a">
         <name>.debug_info</name>
         <load_address>0xb1d</load_address>
         <run_address>0xb1d</run_address>
         <size>0x164</size>
         <input_file_ref idref="fl-2"/>
      </object_component>
      <object_component id="oc-451">
         <name>.debug_info</name>
[...]
         <object_component_ref idref="oc-7a"/>
      </symbol>
      <symbol id="sm-792">
         <name>__TI_int45</name>
         <value>0xffda</value>
         <object_component_ref idref="oc-7b"/>
      </symbol>
      <symbol id="sm-795">
         <name>__TI_int46</name>
         <value>0xffdc</value>
         <object_component_ref idref="oc-7c"/>
      </symbol>
      <symbol id="sm-798">
         <name>__TI_int48</name>
         <value>0xffe0</value>
         <object_component_ref idref="oc-7e"/>
      </symbol>
      <symbol id="sm-79b">
         <name>__TI_int49</name>
         <value>0xffe2</value>
         <object_component_ref idref="oc-7f"/>
      </symbol>
      <symbol id="sm-79e">
         <name>__TI_int50</name>
         <value>0xffe4</value>
         <object_component_ref idref="oc-80"/>
      </symbol>
      <symbol id="sm-7a1">
         <name>__TI_int51</name>
         <value>0xffe6</value>
         <object_component_ref idref="oc-81"/>
      </symbol>
      <symbol id="sm-7a4">
         <name>__TI_int52</name>
         <value>0xffe8</value>
         <object_component_ref idref="oc-82"/>
      </symbol>
      <symbol id="sm-7a7">
         <name>__TI_int55</name>
         <value>0xffee</value>
         <object_component_ref idref="oc-85"/>
      </symbol>
      <symbol id="sm-7aa">
         <name>__TI_int56</name>
         <value>0xfff0</value>
         <object_component_ref idref="oc-86"/>
      </symbol>
      <symbol id="sm-7ad">
         <name>__TI_int57</name>
         <value>0xfff2</value>
         <object_component_ref idref="oc-87"/>
      </symbol>
      <symbol id="sm-7b0">
         <name>__TI_int58</name>
         <value>0xfff4</value>
         <object_component_ref idref="oc-88"/>
      </symbol>
      <symbol id="sm-7b3">
         <name>__TI_int59</name>
         <value>0xfff6</value>
         <object_component_ref idref="oc-89"/>
      </symbol>
      <symbol id="sm-7b6">
         <name>__TI_int60</name>
         <value>0xfff8</value>
         <object_component_ref idref="oc-8a"/>
      </symbol>
      <symbol id="sm-7b9">
         <name>__TI_int61</name>
         <value>0xfffa</value>
         <object_component_ref idref="oc-8b"/>
      </symbol>
      <symbol id="sm-7bc">
         <name>__TI_int62</name>
         <value>0xfffc</value>
         <object_component_ref idref="oc-8c"/>
      </symbol>
      <symbol id="sm-7c4">
         <name>__TI_ISR_TRAP</name>
         <value>0x4490</value>
         <object_component_ref idref="oc-388"/>
      </symbol>
      <symbol id="sm-7d4">
         <name>__mspabi_slll_9</name>
         <value>0x14594</value>
         <object_component_ref idref="oc-706"/>
      </symbol>
      <symbol id="sm-7d5">
         <name>__mspabi_slll_8</name>
         <value>0x14598</value>
         <object_component_ref idref="oc-706"/>
      </symbol>
      <symbol id="sm-7d6">
         <name>__mspabi_slll_7</name>
         <value>0x1459c</value>
         <object_component_ref idref="oc-706"/>
      </symbol>
      <symbol id="sm-7d7">
         <name>__mspabi_slll_6</name>
         <value>0x145a0</value>
         <object_component_ref idref="oc-706"/>
      </symbol>
      <symbol id="sm-7d8">
         <name>__mspabi_slll_5</name>
         <value>0x145a4</value>
         <object_component_ref idref="oc-706"/>
      </symbol>
      <symbol id="sm-7d9">
         <name>__mspabi_slll_4</name>
         <value>0x145a8</value>
         <object_component_ref idref="oc-706"/>
      </symbol>
      <symbol id="sm-7da">
         <name>__mspabi_slll_3</name>
         <value>0x145ac</value>
         <object_component_ref idref="oc-706"/>
      </symbol>
      <symbol id="sm-7db">
         <name>__mspabi_slll_2</name>
         <value>0x145b0</value>
         <object_component_ref idref="oc-706"/>
      </symbol>
      <symbol id="sm-7dc">
         <name>__mspabi_slll_1</name>
         <value>0x145b4</value>
         <object_component_ref idref="oc-706"/>
      </symbol>
      <symbol id="sm-7dd">
         <name>__mspabi_slll</name>
         <value>0x14bea</value>
         <object_component_ref idref="oc-6b8"/>
      </symbol>
      <symbol id="sm-7de">
         <name>__mspabi_slll_15</name>
         <value>0x1457c</value>
         <object_component_ref idref="oc-706"/>
      </symbol>
      <symbol id="sm-7df">
         <name>__mspabi_slll_14</name>
         <value>0x14580</value>
         <object_component_ref idref="oc-706"/>
      </symbol>
      <symbol id="sm-7e0">
         <name>__mspabi_slll_13</name>
         <value>0x14584</value>
         <object_component_ref idref="oc-706"/>
      </symbol>
      <symbol id="sm-7e1">
         <name>__mspabi_slll_12</name>
         <value>0x14588</value>
         <object_component_ref idref="oc-706"/>
      </symbol>
      <symbol id="sm-7e2">
         <name>__mspabi_slll_11</name>
         <value>0x1458c</value>
         <object_component_ref idref="oc-706"/>
      </symbol>
      <symbol id="sm-7e3">
         <name>__mspabi_slll_10</name>
         <value>0x14590</value>
         <object_component_ref idref="oc-706"/>
      </symbol>
      <symbol id="sm-7f3">
         <name>__mspabi_srll_8</name>
         <value>0x145d6</value>
         <object_component_ref idref="oc-751"/>
      </symbol>
      <symbol id="sm-7f4">
         <name>__mspabi_srll_9</name>
         <value>0x145d2</value>
         <object_component_ref idref="oc-751"/>
      </symbol>
      <symbol id="sm-7f5">
         <name>__mspabi_srll_6</name>
         <value>0x145de</value>
         <object_component_ref idref="oc-751"/>
      </symbol>
      <symbol id="sm-7f6">
         <name>__mspabi_srll_7</name>
         <value>0x145da</value>
         <object_component_ref idref="oc-751"/>
      </symbol>
      <symbol id="sm-7f7">
         <name>__mspabi_srll_4</name>
         <value>0x145e6</value>
         <object_component_ref idref="oc-751"/>
      </symbol>
      <symbol id="sm-7f8">
         <name>__mspabi_srll_5</name>
         <value>0x145e2</value>
         <object_component_ref idref="oc-751"/>
      </symbol>
      <symbol id="sm-7f9">
         <name>__mspabi_srll_2</name>
         <value>0x145ee</value>
         <object_component_ref idref="oc-751"/>
      </symbol>
      <symbol id="sm-7fa">
         <name>__mspabi_srll_3</name>
         <value>0x145ea</value>
         <object_component_ref idref="oc-751"/>
      </symbol>
      <symbol id="sm-7fb">
         <name>__mspabi_srll_1</name>
         <value>0x145f2</value>
         <object_component_ref idref="oc-751"/>
      </symbol>
      <symbol id="sm-7fc">
         <name>__mspabi_srll_15</name>
         <value>0x145ba</value>
         <object_component_ref idref="oc-751"/>
      </symbol>
      <symbol id="sm-7fd">
         <name>__mspabi_srll_14</name>
         <value>0x145be</value>
         <object_component_ref idref="oc-751"/>
      </symbol>
      <symbol id="sm-7fe">
         <name>__mspabi_srll_13</name>
         <value>0x145c2</value>
         <object_component_ref idref="oc-751"/>
      </symbol>
      <symbol id="sm-7ff">
         <name>__mspabi_srll_12</name>
         <value>0x145c6</value>
         <object_component_ref idref="oc-751"/>
      </symbol>
      <symbol id="sm-800">
         <name>__mspabi_srll_11</name>
         <value>0x145ca</value>
         <object_component_ref idref="oc-751"/>
      </symbol>
      <symbol id="sm-801">
         <name>__mspabi_srll_10</name>
         <value>0x145ce</value>
         <object_component_ref idref="oc-751"/>
      </symbol>
      <symbol id="sm-802">
         <name>__mspabi_srll</name>
         <value>0x14bfa</value>
         <object_component_ref idref="oc-6bd"/>
      </symbol>
      <symbol id="sm-80b">
         <name>__mspabi_mpyi_f5hw</name>
         <value>0x14ae4</value>
         <object_component_ref idref="oc-5f1"/>
      </symbol>
      <symbol id="sm-814">
         <name>__mspabi_mpyl_f5hw</name>
         <value>0x14a10</value>
         <object_component_ref idref="oc-78c"/>
      </symbol>
      <symbol id="sm-826">
         <name>_stack</name>
         <value>0x4360</value>
         <object_component_ref idref="oc-369"/>
      </symbol>
      <symbol id="sm-827">
         <name>_c_int00_noargs</name>
         <value>0x4456</value>
         <object_component_ref idref="oc-3b7"/>
      </symbol>
      <symbol id="sm-828">
         <name>_reset_vector</name>
         <value>0xfffe</value>
         <object_component_ref idref="oc-36c"/>
      </symbol>
      <symbol id="sm-84b">
         <name>__TI_auto_init_nobinit_nopinit_hold_wdt</name>
         <value>0x140ac</value>
         <object_component_ref idref="oc-4c2"/>
      </symbol>
      <symbol id="sm-85e">
         <name>__TI_zero_init_nomemset</name>
         <value>0x149c8</value>
         <object_component_ref idref="oc-3a5"/>
      </symbol>
      <symbol id="sm-86d">
         <name>__TI_dtors_ptr</name>
         <value>0x25ba</value>
         <object_component_ref idref="oc-557"/>
      </symbol>
      <symbol id="sm-86e">
         <name>__TI_cleanup_ptr</name>
         <value>0x25b6</value>
         <object_component_ref idref="oc-55a"/>
      </symbol>
      <symbol id="sm-87a">
         <name>_system_pre_init</name>
         <value>0x14c64</value>
         <object_component_ref idref="oc-414"/>
      </symbol>
      <symbol id="sm-883">
         <name>_system_post_cinit</name>
         <value>0x14c6a</value>
         <object_component_ref idref="oc-562"/>
      </symbol>
      <symbol id="sm-894">
         <name>__TI_decompress_none</name>
         <value>0x14ba4</value>
         <object_component_ref idref="oc-71"/>
      </symbol>
      <symbol id="sm-8b7">
         <name>__TI_decompress_lzss</name>
         <value>0x13a80</value>
         <object_component_ref idref="oc-6b"/>
      </symbol>
      <symbol id="sm-8de">
         <name>__mspabi_addd</name>
         <value>0x11908</value>
         <object_component_ref idref="oc-6ad"/>
      </symbol>
      <symbol id="sm-8f8">
         <name>__mspabi_cmpd</name>
         <value>0x133ba</value>
         <object_component_ref idref="oc-6e6"/>
      </symbol>
      <symbol id="sm-90b">
         <name>__mspabi_cvtfd</name>
         <value>0x13f3c</value>
         <object_component_ref idref="oc-621"/>
      </symbol>
      <symbol id="sm-92c">
         <name>__mspabi_divd</name>
         <value>0x125f4</value>
         <object_component_ref idref="oc-6c2"/>
      </symbol>
      <symbol id="sm-935">
         <name>__mspabi_fltid</name>
         <value>0x14c28</value>
         <object_component_ref idref="oc-627"/>
      </symbol>
      <symbol id="sm-94d">
         <name>__mspabi_fltlid</name>
         <value>0x136a4</value>
         <object_component_ref idref="oc-6a6"/>
      </symbol>
      <symbol id="sm-96e">
         <name>__TI_frcaddd</name>
         <value>0x123ac</value>
         <object_component_ref idref="oc-758"/>
      </symbol>
      <symbol id="sm-989">
         <name>__TI_frcdivd</name>
         <value>0x11148</value>
         <object_component_ref idref="oc-763"/>
      </symbol>
      <symbol id="sm-9aa">
         <name>__mspabi_mpyd</name>
         <value>0x12146</value>
         <object_component_ref idref="oc-633"/>
      </symbol>
      <symbol id="sm-9b3">
         <name>__mspabi_negd</name>
         <value>0x1486c</value>
         <object_component_ref idref="oc-6ce"/>
      </symbol>
      <symbol id="sm-9c7">
         <name>__TI_renormd</name>
         <value>0x1354a</value>
         <object_component_ref idref="oc-7c3"/>
      </symbol>
      <symbol id="sm-9d0">
         <name>__mspabi_subd</name>
         <value>0x14746</value>
         <object_component_ref idref="oc-6da"/>
      </symbol>
      <symbol id="sm-9e3">
         <name>__mspabi_cvtdf</name>
         <value>0x138fc</value>
         <object_component_ref idref="oc-639"/>
      </symbol>
      <symbol id="sm-a00">
         <name>C$$EXIT</name>
         <value>0x14c54</value>
         <object_component_ref idref="oc-49e"/>
      </symbol>
      <symbol id="sm-a01">
         <name>abort</name>
         <value>0x14c54</value>
         <object_component_ref idref="oc-49e"/>
      </symbol>
      <symbol id="sm-a02">
         <name>__TI_enable_exit_profile_output</name>
         <value>0x25ca</value>
         <object_component_ref idref="oc-551"/>
      </symbol>
      <symbol id="sm-a03">
         <name>exit</name>
         <value>0x14280</value>
         <object_component_ref idref="oc-4a4"/>
      </symbol>
      <symbol id="sm-a19">
         <name>_nop</name>
         <value>0x14c68</value>
         <object_component_ref idref="oc-5d2"/>
      </symbol>
      <symbol id="sm-a1a">
         <name>_lock</name>
         <value>0x25be</value>
         <object_component_ref idref="oc-554"/>
      </symbol>
      <symbol id="sm-a1b">
         <name>_unlock</name>
         <value>0x25c2</value>
         <object_component_ref idref="oc-55d"/>
      </symbol>
      <symbol id="sm-a2c">
         <name>__TI_tmpnams</name>
         <value>0x25ce</value>
      </symbol>
      <symbol id="sm-a2d">
         <name>_ftable</name>
         <value>0x2400</value>
         <object_component_ref idref="oc-5ff"/>
      </symbol>
      <symbol id="sm-a2e">
         <name>__TI_ft_end</name>
         <value>0x25c6</value>
         <object_component_ref idref="oc-840"/>
      </symbol>
      <symbol id="sm-a3d">
         <name>memccpy</name>
         <value>0x149a2</value>
         <object_component_ref idref="oc-71c"/>
      </symbol>
      <symbol id="sm-a4c">
         <name>memchr</name>
         <value>0x14b12</value>
         <object_component_ref idref="oc-733"/>
      </symbol>
      <symbol id="sm-a5a">
         <name>memcpy</name>
         <value>0x14b7e</value>
         <object_component_ref idref="oc-37b"/>
      </symbol>
      <symbol id="sm-a6a">
         <name>memmove</name>
         <value>0x147dc</value>
         <object_component_ref idref="oc-505"/>
      </symbol>
      <symbol id="sm-aef">
         <name>_sys_memory</name>
         <value>0x2728</value>
         <object_component_ref idref="oc-36d"/>
      </symbol>
      <symbol id="sm-af0">
         <name>free</name>
         <value>0x13044</value>
         <object_component_ref idref="oc-7e5"/>
      </symbol>
      <symbol id="sm-af1">
         <name>memalign</name>
         <value>0x12d32</value>
         <object_component_ref idref="oc-833"/>
      </symbol>
      <symbol id="sm-af2">
         <name>malloc</name>
         <value>0x14c46</value>
         <object_component_ref idref="oc-7eb"/>
      </symbol>
      <symbol id="sm-af3">
         <name>aligned_alloc</name>
         <value>0x12d32</value>
         <object_component_ref idref="oc-833"/>
      </symbol>
      <symbol id="sm-b01">
         <name>memset</name>
         <value>0x14b28</value>
         <object_component_ref idref="oc-70f"/>
      </symbol>
      <symbol id="sm-b10">
         <name>strcat</name>
         <value>0x14a72</value>
         <object_component_ref idref="oc-5a2"/>
      </symbol>
      <symbol id="sm-b1d">
         <name>strcpy</name>
         <value>0x14bc8</value>
         <object_component_ref idref="oc-59c"/>
      </symbol>
      <symbol id="sm-b2a">
         <name>strlen</name>
         <value>0x14c1a</value>
         <object_component_ref idref="oc-642"/>
      </symbol>
      <symbol id="sm-b42">
         <name>write</name>
         <value>0x14636</value>
         <object_component_ref idref="oc-73f"/>
      </symbol>
      <symbol id="sm-b51">
         <name>_stream</name>
         <value>0x2540</value>
         <object_component_ref idref="oc-7b6"/>
      </symbol>
      <symbol id="sm-b52">
         <name>_device</name>
         <value>0x24c8</value>
         <object_component_ref idref="oc-804"/>
      </symbol>
      <symbol id="sm-b59">
         <name>errno</name>
         <value>0x25c8</value>
         <object_component_ref idref="oc-6d4"/>
      </symbol>
      <symbol id="sm-b6b">
         <name>__TI_doflush</name>
         <value>0x13ed8</value>
         <object_component_ref idref="oc-739"/>
      </symbol>
      <symbol id="sm-b77">
         <name>__TI_cleanup</name>
         <value>0x14672</value>
         <object_component_ref idref="oc-7f1"/>
      </symbol>
      <symbol id="sm-b87">
         <name>fseek</name>
         <value>0x13e06</value>
         <object_component_ref idref="oc-7a4"/>
      </symbol>
      <symbol id="sm-b98">
         <name>__TI_frcmpyd</name>
         <value>0x11ec6</value>
         <object_component_ref idref="oc-6f9"/>
      </symbol>
      <symbol id="sm-ba4">
         <name>HOSTclose</name>
         <value>0x14150</value>
         <object_component_ref idref="oc-84c"/>
      </symbol>
      <symbol id="sm-bb0">
         <name>HOSTlseek</name>
         <value>0x13742</value>
         <object_component_ref idref="oc-85e"/>
      </symbol>
      <symbol id="sm-bbe">
         <name>parmbuf</name>
         <value>0x270e</value>
      </symbol>
      <symbol id="sm-bbf">
         <name>HOSTopen</name>
         <value>0x13c52</value>
         <object_component_ref idref="oc-846"/>
      </symbol>
      <symbol id="sm-bcc">
         <name>HOSTread</name>
         <value>0x13d9c</value>
         <object_component_ref idref="oc-852"/>
      </symbol>
      <symbol id="sm-bd8">
         <name>HOSTrename</name>
         <value>0x13af6</value>
         <object_component_ref idref="oc-86a"/>
      </symbol>
      <symbol id="sm-be4">
         <name>HOSTunlink</name>
         <value>0x143ee</value>
         <object_component_ref idref="oc-864"/>
      </symbol>
      <symbol id="sm-bf1">
         <name>HOSTwrite</name>
         <value>0x13d30</value>
         <object_component_ref idref="oc-858"/>
      </symbol>
      <symbol id="sm-c0f">
         <name>__TI_readmsg</name>
         <value>0x14714</value>
         <object_component_ref idref="oc-8a2"/>
      </symbol>
      <symbol id="sm-c10">
         <name>C$$IO$$</name>
         <value>0x146da</value>
         <object_component_ref idref="oc-89c"/>
      </symbol>
      <symbol id="sm-c11">
         <name>_CIOBUF_</name>
         <value>0x2868</value>
         <object_component_ref idref="oc-8c8"/>
      </symbol>
      <symbol id="sm-c12">
         <name>__TI_writemsg</name>
         <value>0x146a8</value>
         <object_component_ref idref="oc-89c"/>
      </symbol>
      <symbol id="sm-c21">
         <name>lseek</name>
         <value>0x145f8</value>
         <object_component_ref idref="oc-7dd"/>
      </symbol>
      <symbol id="sm-c32">
         <name>__TI_closefile</name>
         <value>0x13b6a</value>
         <object_component_ref idref="oc-83a"/>
      </symbol>
      <symbol id="sm-c51">
         <name>finddevice</name>
         <value>0x148c8</value>
         <object_component_ref idref="oc-8e8"/>
      </symbol>
      <symbol id="sm-c52">
         <name>getdevice</name>
         <value>0x13ffa</value>
         <object_component_ref idref="oc-8bc"/>
      </symbol>
      <symbol id="sm-c61">
         <name>strchr</name>
         <value>0x14aac</value>
         <object_component_ref idref="oc-8dc"/>
      </symbol>
      <symbol id="sm-c6f">
         <name>strcmp</name>
         <value>0x14ac8</value>
         <object_component_ref idref="oc-8ff"/>
      </symbol>
      <symbol id="sm-c7f">
         <name>strncpy</name>
         <value>0x147aa</value>
         <object_component_ref idref="oc-8e2"/>
      </symbol>
      <symbol id="sm-c92">
         <name>close</name>
         <value>0x13fa0</value>
         <object_component_ref idref="oc-888"/>
      </symbol>
      <symbol id="sm-c9e">
         <name>unlink</name>
         <value>0x1483c</value>
         <object_component_ref idref="oc-88f"/>
      </symbol>
      <symbol id="sm-ca0">
         <name>remove</name>
         <value>0x1483c</value>
      </symbol>
   </symbol_table>
   <title>Link successful</title>
</link_info>
